###############################################################################
#
# IAR ELF Linker V7.50.1.10123/W32 for ARM                23/Aug/2017  10:35:19
# Copyright 2007-2015 IAR Systems AB.
#
#    Output file  =  
#        G:\study\car\program\lib_and_example\LPLD_OSKinetis_V3\project\Car_B_main_2017_8_23\iar\FLASH\Exe\Car_B_main_2017_8_23_K60DZ10.out
#    Map file     =  
#        G:\study\car\program\lib_and_example\LPLD_OSKinetis_V3\project\Car_B_main_2017_8_23\iar\FLASH\List\Car_B_main_2017_8_23_K60DZ10.map
#    Command line =  
#        G:\study\car\program\lib_and_example\LPLD_OSKinetis_V3\project\Car_B_main_2017_8_23\iar\FLASH\Obj\0526.o
#        G:\study\car\program\lib_and_example\LPLD_OSKinetis_V3\project\Car_B_main_2017_8_23\iar\FLASH\Obj\alloc.o
#        G:\study\car\program\lib_and_example\LPLD_OSKinetis_V3\project\Car_B_main_2017_8_23\iar\FLASH\Obj\assert.o
#        G:\study\car\program\lib_and_example\LPLD_OSKinetis_V3\project\Car_B_main_2017_8_23\iar\FLASH\Obj\barrier.o
#        G:\study\car\program\lib_and_example\LPLD_OSKinetis_V3\project\Car_B_main_2017_8_23\iar\FLASH\Obj\botton.o
#        G:\study\car\program\lib_and_example\LPLD_OSKinetis_V3\project\Car_B_main_2017_8_23\iar\FLASH\Obj\camera_test.o
#        G:\study\car\program\lib_and_example\LPLD_OSKinetis_V3\project\Car_B_main_2017_8_23\iar\FLASH\Obj\freecars.o
#        G:\study\car\program\lib_and_example\LPLD_OSKinetis_V3\project\Car_B_main_2017_8_23\iar\FLASH\Obj\Heb_learning.o
#        G:\study\car\program\lib_and_example\LPLD_OSKinetis_V3\project\Car_B_main_2017_8_23\iar\FLASH\Obj\HW_ADC.o
#        G:\study\car\program\lib_and_example\LPLD_OSKinetis_V3\project\Car_B_main_2017_8_23\iar\FLASH\Obj\HW_CAN.o
#        G:\study\car\program\lib_and_example\LPLD_OSKinetis_V3\project\Car_B_main_2017_8_23\iar\FLASH\Obj\HW_DAC.o
#        G:\study\car\program\lib_and_example\LPLD_OSKinetis_V3\project\Car_B_main_2017_8_23\iar\FLASH\Obj\HW_DMA.o
#        G:\study\car\program\lib_and_example\LPLD_OSKinetis_V3\project\Car_B_main_2017_8_23\iar\FLASH\Obj\HW_ENET.o
#        G:\study\car\program\lib_and_example\LPLD_OSKinetis_V3\project\Car_B_main_2017_8_23\iar\FLASH\Obj\HW_FLASH.o
#        G:\study\car\program\lib_and_example\LPLD_OSKinetis_V3\project\Car_B_main_2017_8_23\iar\FLASH\Obj\HW_FLEXBUS.o
#        G:\study\car\program\lib_and_example\LPLD_OSKinetis_V3\project\Car_B_main_2017_8_23\iar\FLASH\Obj\HW_FTM.o
#        G:\study\car\program\lib_and_example\LPLD_OSKinetis_V3\project\Car_B_main_2017_8_23\iar\FLASH\Obj\HW_GPIO.o
#        G:\study\car\program\lib_and_example\LPLD_OSKinetis_V3\project\Car_B_main_2017_8_23\iar\FLASH\Obj\HW_I2C.o
#        G:\study\car\program\lib_and_example\LPLD_OSKinetis_V3\project\Car_B_main_2017_8_23\iar\FLASH\Obj\HW_LPTMR.o
#        G:\study\car\program\lib_and_example\LPLD_OSKinetis_V3\project\Car_B_main_2017_8_23\iar\FLASH\Obj\HW_MCG.o
#        G:\study\car\program\lib_and_example\LPLD_OSKinetis_V3\project\Car_B_main_2017_8_23\iar\FLASH\Obj\HW_NVIC.o
#        G:\study\car\program\lib_and_example\LPLD_OSKinetis_V3\project\Car_B_main_2017_8_23\iar\FLASH\Obj\HW_PDB.o
#        G:\study\car\program\lib_and_example\LPLD_OSKinetis_V3\project\Car_B_main_2017_8_23\iar\FLASH\Obj\HW_PIT.o
#        G:\study\car\program\lib_and_example\LPLD_OSKinetis_V3\project\Car_B_main_2017_8_23\iar\FLASH\Obj\HW_RTC.o
#        G:\study\car\program\lib_and_example\LPLD_OSKinetis_V3\project\Car_B_main_2017_8_23\iar\FLASH\Obj\HW_SDHC.o
#        G:\study\car\program\lib_and_example\LPLD_OSKinetis_V3\project\Car_B_main_2017_8_23\iar\FLASH\Obj\HW_SPI.o
#        G:\study\car\program\lib_and_example\LPLD_OSKinetis_V3\project\Car_B_main_2017_8_23\iar\FLASH\Obj\HW_SYSTICK.o
#        G:\study\car\program\lib_and_example\LPLD_OSKinetis_V3\project\Car_B_main_2017_8_23\iar\FLASH\Obj\HW_TSI.o
#        G:\study\car\program\lib_and_example\LPLD_OSKinetis_V3\project\Car_B_main_2017_8_23\iar\FLASH\Obj\HW_UART.o
#        G:\study\car\program\lib_and_example\LPLD_OSKinetis_V3\project\Car_B_main_2017_8_23\iar\FLASH\Obj\HW_USB.o
#        G:\study\car\program\lib_and_example\LPLD_OSKinetis_V3\project\Car_B_main_2017_8_23\iar\FLASH\Obj\HW_WDOG.o
#        G:\study\car\program\lib_and_example\LPLD_OSKinetis_V3\project\Car_B_main_2017_8_23\iar\FLASH\Obj\infrared.o
#        G:\study\car\program\lib_and_example\LPLD_OSKinetis_V3\project\Car_B_main_2017_8_23\iar\FLASH\Obj\io.o
#        G:\study\car\program\lib_and_example\LPLD_OSKinetis_V3\project\Car_B_main_2017_8_23\iar\FLASH\Obj\myflash.o
#        G:\study\car\program\lib_and_example\LPLD_OSKinetis_V3\project\Car_B_main_2017_8_23\iar\FLASH\Obj\oled.o
#        G:\study\car\program\lib_and_example\LPLD_OSKinetis_V3\project\Car_B_main_2017_8_23\iar\FLASH\Obj\printf.o
#        G:\study\car\program\lib_and_example\LPLD_OSKinetis_V3\project\Car_B_main_2017_8_23\iar\FLASH\Obj\queue.o
#        G:\study\car\program\lib_and_example\LPLD_OSKinetis_V3\project\Car_B_main_2017_8_23\iar\FLASH\Obj\relocate.o
#        G:\study\car\program\lib_and_example\LPLD_OSKinetis_V3\project\Car_B_main_2017_8_23\iar\FLASH\Obj\startup_K60DZ10.o
#        G:\study\car\program\lib_and_example\LPLD_OSKinetis_V3\project\Car_B_main_2017_8_23\iar\FLASH\Obj\stdlib.o
#        G:\study\car\program\lib_and_example\LPLD_OSKinetis_V3\project\Car_B_main_2017_8_23\iar\FLASH\Obj\system_MK60.o
#        G:\study\car\program\lib_and_example\LPLD_OSKinetis_V3\project\Car_B_main_2017_8_23\iar\FLASH\Obj\timer.o
#        G:\study\car\program\lib_and_example\LPLD_OSKinetis_V3\project\Car_B_main_2017_8_23\iar\FLASH\Obj\uif.o
#        --redirect _Printf=_PrintfFull --redirect _Scanf=_ScanfFull -o
#        G:\study\car\program\lib_and_example\LPLD_OSKinetis_V3\project\Car_B_main_2017_8_23\iar\FLASH\Exe\Car_B_main_2017_8_23_K60DZ10.out
#        --map
#        G:\study\car\program\lib_and_example\LPLD_OSKinetis_V3\project\Car_B_main_2017_8_23\iar\FLASH\List\Car_B_main_2017_8_23_K60DZ10.map
#        --config
#        G:\study\car\program\lib_and_example\LPLD_OSKinetis_V3\project\Car_B_main_2017_8_23\iar\..\..\..\lib\iar_config_files\LPLD_K60DN512_FLASH.icf
#        --semihosting --entry __iar_program_start "E:\IAR Systems\Embedded
#        Workbench 7.3\arm\CMSIS\Lib\IAR\iar_cortexM4l_math.a"
#        --merge_duplicate_sections --vfe
#
###############################################################################

*******************************************************************************
*** RUNTIME MODEL ATTRIBUTES
***

CppFlavor       = *
__SystemLibrary = DLib


*******************************************************************************
*** PLACEMENT SUMMARY
***

"A1":  place at 0x00000000 { ro section .intvec };
"A2":  place at 0x00000410 { ro section .noinit };
"P1":  place in [from 0x00000000 to 0x00080000] { ro, block CodeRelocate };
"P2":  place in [from 0x1fff0410 to 0x20010000] {
          rw, block CodeRelocateRam, block CSTACK, block HEAP };

  Section              Kind        Address     Size  Object
  -------              ----        -------     ----  ------
"A1":                                         0x400
  .intvec              ro code  0x00000000    0x400  startup_K60DZ10.o [1]
                              - 0x00000400    0x400

"P1", part 1 of 2:                              0x0
  .rodata              const    0x00000400      0x0  zero_init3.o [5]

"A2":                                          0x14
  .noinit              ro code  0x00000410     0x10  startup_K60DZ10.o [1]
  .noinit              ro code  0x00000420      0x4  startup_K60DZ10.o [1]
                              - 0x00000424     0x14

"P1", part 2 of 2:                           0xc148
  .text                ro code  0x00000424   0x5090  botton.o [1]
  .text                ro code  0x000054b4     0x56  ABImemcpy_unaligned.o [5]
  .text                ro code  0x0000550c    0x204  HW_GPIO.o [1]
  .text                ro code  0x00005710    0x50a  printf.o [1]
  .text                ro code  0x00005c1c    0x540  oled.o [1]
  .text                ro code  0x0000615c    0x348  myflash.o [1]
  .text                ro code  0x000064a4     0x6c  HW_LPTMR.o [1]
  .text                ro code  0x00006510     0x14  assert.o [1]
  .text                ro code  0x00006524     0x1c  stdlib.o [1]
  .text                ro code  0x00006540     0x44  FltToS32.o [4]
  .text                ro code  0x00006584    0x1ec  HW_FLASH.o [1]
  .text                ro code  0x00006770     0x30  I32ToDbl.o [4]
  .text                ro code  0x000067a0    0x1a2  DblMul.o [4]
  .text                ro code  0x00006944     0x90  DblToFlt.o [4]
  .text                ro code  0x000069d4    0xf50  timer.o [1]
  .text                ro code  0x00007924    0x138  HW_PIT.o [1]
  .text                ro code  0x00007a5c    0x7d4  camera_test.o [1]
  .text                ro code  0x00008230    0x974  HW_FTM.o [1]
  .text                ro code  0x00008ba4     0x24  FltToU32.o [4]
  .text                ro code  0x00008bc8     0x2e  I32ToFlt.o [4]
  .text                ro code  0x00008bf8     0x24  FltCmpGe.o [4]
  .text                ro code  0x00008c1c     0xe6  FltSub.o [4]
  .text                ro code  0x00008d04     0x84  FltAdd.o [4]
  .text                ro code  0x00008d88     0xfc  FltDiv.o [4]
  .text                ro code  0x00008e84     0x24  FltCmpLe.o [4]
  .text                ro code  0x00008ea8     0xd8  FltMul.o [4]
  .text                ro code  0x00008f80    0x484  HW_DMA.o [1]
  .text                ro code  0x00009404    0x7e4  HW_UART.o [1]
  .text                ro code  0x00009be8    0x614  system_MK60.o [1]
  .text                ro code  0x0000a1fc     0xa0  relocate.o [1]
  Veneer               ro code  0x0000a29c      0x8  - Linker created -
  .text                ro code  0x0000a2a4    0x198  HW_MCG.o [1]
  .text                ro code  0x0000a43c    0x414  0526.o [1]
  .text                ro code  0x0000a850     0xd4  barrier.o [1]
  .text                ro code  0x0000a924     0x1c  infrared.o [1]
  .text                ro code  0x0000a940    0x3ec  freecars.o [1]
  .text                ro code  0x0000ad2c    0x1c4  HW_NVIC.o [1]
  .text                ro code  0x0000aef0     0x20  DblCmpEq.o [4]
  .text                ro code  0x0000af10     0x4c  DblToI32.o [4]
  .text                ro code  0x0000af5c    0x256  DblDiv.o [4]
  .rodata              const    0x0000b1b4    0x228  oled.o [1]
  .text                ro code  0x0000b3dc    0x218  HW_SPI.o [1]
  .text                ro code  0x0000b5f4    0x1de  HW_CAN.o [1]
  .text                ro code  0x0000b7d4     0xf4  HW_DAC.o [1]
  .text                ro code  0x0000b8c8     0xcc  HW_I2C.o [1]
  .text                ro code  0x0000b994     0x80  HW_ENET.o [1]
  .text                ro code  0x0000ba14     0x80  HW_PDB.o [1]
  .text                ro code  0x0000ba94     0x70  HW_TSI.o [1]
  .text                ro code  0x0000bb04     0x60  HW_RTC.o [1]
  .rodata              const    0x0000bb64     0x50  HW_GPIO.o [1]
  .rodata              const    0x0000bbb4     0x50  HW_NVIC.o [1]
  .rodata              const    0x0000bc04     0x4c  HW_DMA.o [1]
  .rodata              const    0x0000bc50     0x4c  HW_FTM.o [1]
  .rodata              const    0x0000bc9c     0x4c  HW_PIT.o [1]
  CodeRelocate                  0x0000bce8     0x4c  <Block>
    Initializer bytes  const    0x0000bce8     0x4c  <for CodeRelocateRam-1>
  .rodata              const    0x0000bd34     0x48  system_MK60.o [1]
  .rodata              const    0x0000bd7c     0x44  system_MK60.o [1]
  .rodata              const    0x0000bdc0     0x44  system_MK60.o [1]
  .text                ro code  0x0000be04     0x40  zero_init3.o [5]
  .data_init                    0x0000be44     0x3c  <Block>
    Initializer bytes  const    0x0000be44     0x3c  <for .data-1>
  .rodata              const    0x0000be80     0x30  assert.o [1]
  .rodata              const    0x0000beb0     0x30  system_MK60.o [1]
  .rodata              const    0x0000bee0     0x30  system_MK60.o [1]
  .rodata              const    0x0000bf10     0x28  system_MK60.o [1]
  .text                ro code  0x0000bf38     0x28  data_init.o [5]
  .rodata              const    0x0000bf60     0x24  system_MK60.o [1]
  .rodata              const    0x0000bf84     0x24  system_MK60.o [1]
  .iar.init_table      const    0x0000bfa8     0x10  - Linker created -
  .rodata              const    0x0000bfb8     0x20  system_MK60.o [1]
  .rodata              const    0x0000bfd8     0x20  system_MK60.o [1]
  .rodata              const    0x0000bff8     0x20  system_MK60.o [1]
  .rodata              const    0x0000c018     0x20  system_MK60.o [1]
  .rodata              const    0x0000c038     0x1c  system_MK60.o [1]
  .rodata              const    0x0000c054     0x1c  system_MK60.o [1]
  .rodata              const    0x0000c070     0x1c  system_MK60.o [1]
  .text                ro code  0x0000c08c     0x1c  HW_ADC.o [1]
  .text                ro code  0x0000c0a8     0x1a  cmain.o [5]
  .text                ro code  0x0000c0c2      0x4  low_level_init.o [3]
  .text                ro code  0x0000c0c6      0x4  exit.o [3]
  .text                ro code  0x0000c0cc      0xa  cexit.o [5]
  .text                ro code  0x0000c0d8     0x14  exit.o [6]
  .rodata              const    0x0000c0ec     0x18  system_MK60.o [1]
  .rodata              const    0x0000c104     0x18  system_MK60.o [1]
  .rodata              const    0x0000c11c     0x18  system_MK60.o [1]
  .rodata              const    0x0000c134     0x18  system_MK60.o [1]
  .rodata              const    0x0000c14c     0x18  system_MK60.o [1]
  .rodata              const    0x0000c164     0x18  system_MK60.o [1]
  .rodata              const    0x0000c17c     0x18  system_MK60.o [1]
  .rodata              const    0x0000c194     0x18  system_MK60.o [1]
  .rodata              const    0x0000c1ac     0x18  system_MK60.o [1]
  .rodata              const    0x0000c1c4     0x18  system_MK60.o [1]
  .rodata              const    0x0000c1dc     0x14  system_MK60.o [1]
  .rodata              const    0x0000c1f0     0x14  system_MK60.o [1]
  .rodata              const    0x0000c204     0x14  system_MK60.o [1]
  .rodata              const    0x0000c218     0x14  system_MK60.o [1]
  .rodata              const    0x0000c22c     0x14  system_MK60.o [1]
  .rodata              const    0x0000c240     0x14  system_MK60.o [1]
  .text                ro code  0x0000c254     0x14  io.o [1]
  .rodata              const    0x0000c268     0x10  system_MK60.o [1]
  .rodata              const    0x0000c278     0x10  system_MK60.o [1]
  .rodata              const    0x0000c288     0x10  system_MK60.o [1]
  .text                ro code  0x0000c298     0x10  HW_SYSTICK.o [1]
  .text                ro code  0x0000c2a8     0x10  HW_USB.o [1]
  .rodata              const    0x0000c2b8      0xc  0526.o [1]
  .rodata              const    0x0000c2c4      0xc  0526.o [1]
  .rodata              const    0x0000c2d0      0xc  botton.o [1]
  .rodata              const    0x0000c2dc      0xc  botton.o [1]
  .rodata              const    0x0000c2e8      0xc  botton.o [1]
  .rodata              const    0x0000c2f4      0xc  botton.o [1]
  .rodata              const    0x0000c300      0xc  botton.o [1]
  .rodata              const    0x0000c30c      0xc  botton.o [1]
  .rodata              const    0x0000c318      0xc  botton.o [1]
  .rodata              const    0x0000c324      0xc  botton.o [1]
  .rodata              const    0x0000c330      0xc  botton.o [1]
  .rodata              const    0x0000c33c      0xc  botton.o [1]
  .rodata              const    0x0000c348      0xc  botton.o [1]
  .rodata              const    0x0000c354      0xc  botton.o [1]
  .rodata              const    0x0000c360      0xc  botton.o [1]
  .rodata              const    0x0000c36c      0xc  botton.o [1]
  .rodata              const    0x0000c378      0xc  botton.o [1]
  .rodata              const    0x0000c384      0xc  botton.o [1]
  .rodata              const    0x0000c390      0xc  botton.o [1]
  .rodata              const    0x0000c39c      0xc  botton.o [1]
  .rodata              const    0x0000c3a8      0xc  botton.o [1]
  .rodata              const    0x0000c3b4      0xc  botton.o [1]
  .rodata              const    0x0000c3c0      0xc  botton.o [1]
  .rodata              const    0x0000c3cc      0xc  botton.o [1]
  .rodata              const    0x0000c3d8      0xc  botton.o [1]
  .rodata              const    0x0000c3e4      0xc  botton.o [1]
  .rodata              const    0x0000c3f0      0xc  botton.o [1]
  .rodata              const    0x0000c3fc      0xc  botton.o [1]
  .rodata              const    0x0000c408      0xc  botton.o [1]
  .rodata              const    0x0000c414      0xc  botton.o [1]
  .rodata              const    0x0000c420      0xc  botton.o [1]
  .rodata              const    0x0000c42c      0xc  botton.o [1]
  .rodata              const    0x0000c438      0xc  botton.o [1]
  .rodata              const    0x0000c444      0xc  botton.o [1]
  .rodata              const    0x0000c450      0xc  system_MK60.o [1]
  .rodata              const    0x0000c45c      0xc  system_MK60.o [1]
  .text                ro code  0x0000c468      0xc  cstartup_M.o [5]
  .rodata              const    0x0000c474      0x8  0526.o [1]
  .rodata              const    0x0000c47c      0x8  botton.o [1]
  .rodata              const    0x0000c484      0x8  botton.o [1]
  .rodata              const    0x0000c48c      0x8  botton.o [1]
  .rodata              const    0x0000c494      0x8  botton.o [1]
  .rodata              const    0x0000c49c      0x8  botton.o [1]
  .rodata              const    0x0000c4a4      0x8  botton.o [1]
  .rodata              const    0x0000c4ac      0x8  botton.o [1]
  .rodata              const    0x0000c4b4      0x8  botton.o [1]
  .rodata              const    0x0000c4bc      0x8  botton.o [1]
  .rodata              const    0x0000c4c4      0x8  botton.o [1]
  .rodata              const    0x0000c4cc      0x8  botton.o [1]
  .rodata              const    0x0000c4d4      0x8  system_MK60.o [1]
  .rodata              const    0x0000c4dc      0x8  system_MK60.o [1]
  .rodata              const    0x0000c4e4      0x8  system_MK60.o [1]
  .rodata              const    0x0000c4ec      0x8  system_MK60.o [1]
  .rodata              const    0x0000c4f4      0x8  system_MK60.o [1]
  .rodata              const    0x0000c4fc      0x8  system_MK60.o [1]
  .rodata              const    0x0000c504      0x8  system_MK60.o [1]
  .rodata              const    0x0000c50c      0x8  system_MK60.o [1]
  .rodata              const    0x0000c514      0x8  system_MK60.o [1]
  .rodata              const    0x0000c51c      0x8  system_MK60.o [1]
  .rodata              const    0x0000c524      0x8  system_MK60.o [1]
  .rodata              const    0x0000c52c      0x8  system_MK60.o [1]
  .rodata              const    0x0000c534      0x8  system_MK60.o [1]
  .rodata              const    0x0000c53c      0x8  system_MK60.o [1]
  .rodata              const    0x0000c544      0x8  system_MK60.o [1]
  .rodata              const    0x0000c54c      0x8  system_MK60.o [1]
  .rodata              const    0x0000c554      0x8  system_MK60.o [1]
  .rodata              const    0x0000c55c      0x8  system_MK60.o [1]
  .rodata              const    0x0000c564      0x8  system_MK60.o [1]
                              - 0x0000c56c   0xc148

"P2", part 1 of 3:                             0x88
  CodeRelocateRam               0x1fff0410     0x4c  <Block>
    CodeRelocateRam-1           0x1fff0410     0x4c  <Init block>
      .textrw          inited   0x1fff0410     0x4c  HW_MCG.o [1]
  .data                         0x1fff045c     0x3c  <Block>
    .data-1                     0x1fff045c     0x39  <Init block>
      .data            inited   0x1fff045c      0x4  HW_MCG.o [1]
      .data            inited   0x1fff0460      0x4  HW_MCG.o [1]
      .data            inited   0x1fff0464      0x4  HW_MCG.o [1]
      .data            inited   0x1fff0468      0x4  HW_MCG.o [1]
      .data            inited   0x1fff046c      0x4  system_MK60.o [1]
      .data            inited   0x1fff0470      0x2  timer.o [1]
      .data            inited   0x1fff0472      0x2  timer.o [1]
      .data            inited   0x1fff0474      0x2  timer.o [1]
      .data            inited   0x1fff0476      0x2  timer.o [1]
      .data            inited   0x1fff0478      0x2  timer.o [1]
      .data            inited   0x1fff047a      0x2  timer.o [1]
      .data            inited   0x1fff047c      0x2  timer.o [1]
      .data            inited   0x1fff047e      0x1  camera_test.o [1]
      .data            inited   0x1fff047f      0x1  camera_test.o [1]
      .data            inited   0x1fff0480      0x1  camera_test.o [1]
      .data            inited   0x1fff0481      0x1  freecars.o [1]
      .data            inited   0x1fff0482      0x1  timer.o [1]
      .data            inited   0x1fff0483      0x1  timer.o [1]
      .data            inited   0x1fff0484      0x1  timer.o [1]
      .data            inited   0x1fff0485      0x1  timer.o [1]
      .data            inited   0x1fff0486      0x1  timer.o [1]
      .data            inited   0x1fff0487      0x1  timer.o [1]
      .data            inited   0x1fff0488      0x1  timer.o [1]
      .data            inited   0x1fff0489      0x1  timer.o [1]
      .data            inited   0x1fff048a      0x1  timer.o [1]
      .data            inited   0x1fff048b      0x1  timer.o [1]
      .data            inited   0x1fff048c      0x1  timer.o [1]
      .data            inited   0x1fff048d      0x1  timer.o [1]
      .data            inited   0x1fff048e      0x1  timer.o [1]
      .data            inited   0x1fff048f      0x1  timer.o [1]
      .data            inited   0x1fff0490      0x1  timer.o [1]
      .data            inited   0x1fff0491      0x1  timer.o [1]
      .data            inited   0x1fff0492      0x1  timer.o [1]
      .data            inited   0x1fff0493      0x1  timer.o [1]
      .data            inited   0x1fff0494      0x1  timer.o [1]
                              - 0x1fff0498     0x88

"P2", part 2 of 3:                          0x16434
  .bss                          0x1fff0498  0x16434  <Block>
    .bss               zero     0x1fff0498     0x48  freecars.o [1]
    .bss               zero     0x1fff04e0     0x14  0526.o [1]
    .bss               zero     0x1fff04f4     0x14  0526.o [1]
    .bss               zero     0x1fff0508     0x14  0526.o [1]
    .bss               zero     0x1fff051c     0x14  0526.o [1]
    .bss               zero     0x1fff0530     0x14  0526.o [1]
    .bss               zero     0x1fff0544     0x14  0526.o [1]
    .bss               zero     0x1fff0558     0x14  0526.o [1]
    .bss               zero     0x1fff056c     0x14  0526.o [1]
    .bss               zero     0x1fff0580     0x14  barrier.o [1]
    .bss               zero     0x1fff0594     0x14  barrier.o [1]
    .bss               zero     0x1fff05a8     0x14  botton.o [1]
    .bss               zero     0x1fff05bc     0x14  botton.o [1]
    .bss               zero     0x1fff05d0     0x14  botton.o [1]
    .bss               zero     0x1fff05e4      0x4  botton.o [1]
    .bss               zero     0x1fff05e8      0x4  botton.o [1]
    .bss               zero     0x1fff05ec    0x140  botton.o [1]
    .bss               zero     0x1fff072c    0x960  botton.o [1]
    .bss               zero     0x1fff108c      0x4  camera_test.o [1]
    .bss               zero     0x1fff1090   0xa8c0  camera_test.o [1]
    .bss               zero     0x1fffb950   0xa8c0  camera_test.o [1]
    .bss               zero     0x20006210     0x14  camera_test.o [1]
    .bss               zero     0x20006224     0x14  camera_test.o [1]
    .bss               zero     0x20006238     0x14  camera_test.o [1]
    .bss               zero     0x2000624c     0x14  camera_test.o [1]
    .bss               zero     0x20006260     0x2c  camera_test.o [1]
    .bss               zero     0x2000628c     0x1c  camera_test.o [1]
    .bss               zero     0x200062a8     0x1c  camera_test.o [1]
    .bss               zero     0x200062c4     0x1c  camera_test.o [1]
    .bss               zero     0x200062e0     0x24  freecars.o [1]
    .bss               zero     0x20006304     0x6c  freecars.o [1]
    .bss               zero     0x20006370      0x8  HW_ADC.o [1]
    .bss               zero     0x20006378    0x100  HW_CAN.o [1]
    .bss               zero     0x20006478     0x40  HW_CAN.o [1]
    .bss               zero     0x200064b8     0x40  HW_CAN.o [1]
    .bss               zero     0x200064f8      0x8  HW_DAC.o [1]
    .bss               zero     0x20006500      0x8  HW_DAC.o [1]
    .bss               zero     0x20006508      0x8  HW_DAC.o [1]
    .bss               zero     0x20006510     0x40  HW_DMA.o [1]
    .bss               zero     0x20006550     0x10  HW_ENET.o [1]
    .bss               zero     0x20006560      0xc  HW_FTM.o [1]
    .bss               zero     0x2000656c     0x14  HW_GPIO.o [1]
    .bss               zero     0x20006580      0x8  HW_I2C.o [1]
    .bss               zero     0x20006588      0x4  HW_LPTMR.o [1]
    .bss               zero     0x2000658c      0x4  HW_PDB.o [1]
    .bss               zero     0x20006590      0x4  HW_PDB.o [1]
    .bss               zero     0x20006594     0x10  HW_PIT.o [1]
    .bss               zero     0x200065a4      0xc  HW_RTC.o [1]
    .bss               zero     0x200065b0     0x18  HW_SPI.o [1]
    .bss               zero     0x200065c8     0x18  HW_SPI.o [1]
    .bss               zero     0x200065e0     0x18  HW_SPI.o [1]
    .bss               zero     0x200065f8      0x4  HW_SYSTICK.o [1]
    .bss               zero     0x200065fc      0x8  HW_TSI.o [1]
    .bss               zero     0x20006604     0x18  HW_UART.o [1]
    .bss               zero     0x2000661c     0x18  HW_UART.o [1]
    .bss               zero     0x20006634      0x4  HW_UART.o [1]
    .bss               zero     0x20006638      0x4  HW_USB.o [1]
    .bss               zero     0x2000663c     0xc8  myflash.o [1]
    .bss               zero     0x20006704      0x4  myflash.o [1]
    .bss               zero     0x20006708     0x14  oled.o [1]
    .bss               zero     0x2000671c     0x2c  timer.o [1]
    .bss               zero     0x20006748     0x2c  timer.o [1]
    .bss               zero     0x20006774     0x2c  timer.o [1]
    .bss               zero     0x200067a0     0x64  timer.o [1]
    .bss               zero     0x20006804     0x14  timer.o [1]
    .bss               zero     0x20006818      0x8  timer.o [1]
    .bss               zero     0x20006820      0x8  timer.o [1]
    .bss               zero     0x20006828     0x14  timer.o [1]
    .bss               zero     0x2000683c     0x14  timer.o [1]
    .bss               zero     0x20006850     0x1c  timer.o [1]
    .bss               zero     0x2000686c     0x1c  timer.o [1]
    .bss               zero     0x20006888     0x1c  timer.o [1]
    .bss               zero     0x200068a4      0x2  timer.o [1]
    .bss               zero     0x200068a6      0x2  timer.o [1]
    .bss               zero     0x200068a8      0x2  timer.o [1]
    .bss               zero     0x200068aa      0x2  timer.o [1]
    .bss               zero     0x200068ac      0x1  0526.o [1]
    .bss               zero     0x200068ad      0x1  botton.o [1]
    .bss               zero     0x200068ae      0x1  botton.o [1]
    .bss               zero     0x200068af      0x1  botton.o [1]
    .bss               zero     0x200068b0      0x1  camera_test.o [1]
    .bss               zero     0x200068b1      0x1  camera_test.o [1]
    .bss               zero     0x200068b2      0x1  camera_test.o [1]
    .bss               zero     0x200068b3      0x1  camera_test.o [1]
    .bss               zero     0x200068b4      0x1  camera_test.o [1]
    .bss               zero     0x200068b5      0x1  camera_test.o [1]
    .bss               zero     0x200068b6      0x1  camera_test.o [1]
    .bss               zero     0x200068b7      0x1  camera_test.o [1]
    .bss               zero     0x200068b8      0x1  camera_test.o [1]
    .bss               zero     0x200068b9      0x1  camera_test.o [1]
    .bss               zero     0x200068ba      0x1  camera_test.o [1]
    .bss               zero     0x200068bb      0x1  camera_test.o [1]
    .bss               zero     0x200068bc      0x1  camera_test.o [1]
    .bss               zero     0x200068bd      0x1  camera_test.o [1]
    .bss               zero     0x200068be      0x1  camera_test.o [1]
    .bss               zero     0x200068bf      0x1  freecars.o [1]
    .bss               zero     0x200068c0      0x1  infrared.o [1]
    .bss               zero     0x200068c1      0x1  myflash.o [1]
    .bss               zero     0x200068c2      0x1  timer.o [1]
    .bss               zero     0x200068c3      0x1  timer.o [1]
    .bss               zero     0x200068c4      0x1  timer.o [1]
    .bss               zero     0x200068c5      0x1  timer.o [1]
    .bss               zero     0x200068c6      0x1  timer.o [1]
    .bss               zero     0x200068c7      0x1  timer.o [1]
    .bss               zero     0x200068c8      0x1  timer.o [1]
    .bss               zero     0x200068c9      0x1  timer.o [1]
    .bss               zero     0x200068ca      0x1  timer.o [1]
    .bss               zero     0x200068cb      0x1  timer.o [1]
                              - 0x200068cc  0x16434

"P2", part 3 of 3:                           0x1000
  CSTACK                        0x200068d0   0x1000  <Block>
    CSTACK             uninit   0x200068d0   0x1000  <Block tail>
                              - 0x200078d0   0x1000


*******************************************************************************
*** INIT TABLE
***

          Address     Size
          -------     ----
Zero (__iar_zero_init3)
    1 destination range, total size 0x16434:
          0x1fff0498  0x16434



*******************************************************************************
*** MODULE SUMMARY
***

    Module                 ro code  rw code  ro data  rw data
    ------                 -------  -------  -------  -------
G:\study\car\program\lib_and_example\LPLD_OSKinetis_V3\project\Car_B_main_2017_8_23\iar\FLASH\Obj: [1]
    0526.o                   1 044                32      161
    HW_ADC.o                    28                          8
    HW_CAN.o                   478                        384
    HW_DAC.o                   244                         24
    HW_DMA.o                 1 156                76       64
    HW_ENET.o                  128                         16
    HW_FLASH.o                 492
    HW_FTM.o                 2 420                76       12
    HW_GPIO.o                  516                80       20
    HW_I2C.o                   204                          8
    HW_LPTMR.o                 108                          4
    HW_MCG.o                   408       76       92       16
    HW_NVIC.o                  452                80
    HW_PDB.o                   128                          8
    HW_PIT.o                   312                76       16
    HW_RTC.o                    96                         12
    HW_SPI.o                   536                         72
    HW_SYSTICK.o                16                          4
    HW_TSI.o                   112                          8
    HW_UART.o                2 020                         52
    HW_USB.o                    16                          4
    assert.o                    20                48
    barrier.o                  212                         40
    botton.o                20 624               472    2 791
    camera_test.o            2 004                 3   86 630
    freecars.o               1 004                 1      218
    infrared.o                  28                          1
    io.o                        20
    myflash.o                  840                        205
    oled.o                   1 344               552       20
    printf.o                 1 290
    relocate.o                 160
    startup_K60DZ10.o        1 044
    stdlib.o                    28
    system_MK60.o            1 556             1 216        4
    timer.o                  3 920                33      443
    ---------------------------------------------------------
    Total:                  45 008       76    2 837   91 245

command line: [2]
    ---------------------------------------------------------
    Total:

dl7M_tln.a: [3]
    exit.o                       4
    low_level_init.o             4
    ---------------------------------------------------------
    Total:                       8

m7M_tl.a: [4]
    DblCmpEq.o                  32
    DblDiv.o                   598
    DblMul.o                   418
    DblToFlt.o                 144
    DblToI32.o                  76
    FltAdd.o                   132
    FltCmpGe.o                  36
    FltCmpLe.o                  36
    FltDiv.o                   252
    FltMul.o                   216
    FltSub.o                   230
    FltToS32.o                  68
    FltToU32.o                  36
    I32ToDbl.o                  48
    I32ToFlt.o                  46
    ---------------------------------------------------------
    Total:                   2 368

rt7M_tl.a: [5]
    ABImemcpy_unaligned.o       86
    cexit.o                     10
    cmain.o                     26
    cstartup_M.o                12
    data_init.o                 40
    zero_init3.o                64
    ---------------------------------------------------------
    Total:                     238

shb_l.a: [6]
    exit.o                      20
    ---------------------------------------------------------
    Total:                      20

    Gaps                        16                 2
    Linker created               8                19    4 096
-------------------------------------------------------------
    Grand Total:            47 666       76    2 858   95 341


*******************************************************************************
*** ENTRY LIST
***

Entry                      Address    Size  Type      Object
-----                      -------    ----  ----      ------
.bss$$Base              0x1fff0498           --   Gb  - Linker created -
.bss$$Limit             0x200068cc           --   Gb  - Linker created -
.data$$Base             0x1fff045c           --   Gb  - Linker created -
.data$$Limit            0x1fff0498           --   Gb  - Linker created -
.data_init$$Base        0x0000be44           --   Gb  - Linker created -
.data_init$$Limit       0x0000be80           --   Gb  - Linker created -
.iar.init_table$$Base   0x0000bfa8           --   Gb  - Linker created -
.iar.init_table$$Limit  0x0000bfb8           --   Gb  - Linker created -
?main                   0x0000c0a9          Code  Gb  cmain.o [5]
ADC0_IRQHandler         0x0000c08d     0xa  Code  Gb  HW_ADC.o [1]
ADC1_IRQHandler         0x0000c097     0xa  Code  Gb  HW_ADC.o [1]
ADC_ISR                 0x20006370     0x8  Data  Gb  HW_ADC.o [1]
ASSERT_FAILED_STR       0x0000be80    0x30  Data  Gb  assert.o [1]
Acenter                 0x1fff0483     0x1  Data  Gb  timer.o [1]
CAN0_BUS_OFF_IRQHandler
                        0x0000b74f     0x8  Code  Gb  HW_CAN.o [1]
CAN0_ERR_IRQHandler     0x0000b757     0xe  Code  Gb  HW_CAN.o [1]
CAN0_IMEU_IRQHandler    0x0000b77b     0x2  Code  Gb  HW_CAN.o [1]
CAN0_ISR                0x20006478    0x40  Data  Gb  HW_CAN.o [1]
CAN0_LR_IRQHandler      0x0000b77d     0x2  Code  Gb  HW_CAN.o [1]
CAN0_MESS_IRQHandler    0x0000b747     0x8  Code  Gb  HW_CAN.o [1]
CAN0_RW_IRQHandler      0x0000b76f     0xa  Code  Gb  HW_CAN.o [1]
CAN0_TW_IRQHandler      0x0000b765     0xa  Code  Gb  HW_CAN.o [1]
CAN0_WAKE_UP_IRQHandler
                        0x0000b779     0x2  Code  Gb  HW_CAN.o [1]
CAN1_BUS_OFF_IRQHandler
                        0x0000b787     0x8  Code  Gb  HW_CAN.o [1]
CAN1_ERR_IRQHandler     0x0000b78f     0xe  Code  Gb  HW_CAN.o [1]
CAN1_IMEU_IRQHandler    0x0000b7cf     0x2  Code  Gb  HW_CAN.o [1]
CAN1_ISR                0x200064b8    0x40  Data  Gb  HW_CAN.o [1]
CAN1_LR_IRQHandler      0x0000b7d1     0x2  Code  Gb  HW_CAN.o [1]
CAN1_MESS_IRQHandler    0x0000b77f     0x8  Code  Gb  HW_CAN.o [1]
CAN1_RW_IRQHandler      0x0000b7a7     0xa  Code  Gb  HW_CAN.o [1]
CAN1_TW_IRQHandler      0x0000b79d     0xa  Code  Gb  HW_CAN.o [1]
CAN1_WAKE_UP_IRQHandler
                        0x0000b7cd     0x2  Code  Gb  HW_CAN.o [1]
CSTACK$$Base            0x200068d0           --   Gb  - Linker created -
CSTACK$$Limit           0x200078d0           --   Gb  - Linker created -
Calculate_Middle_Point  0x0000800b   0x174  Code  Gb  camera_test.o [1]
CodeRelocate$$Base      0x0000bce8           --   Gb  - Linker created -
CodeRelocate$$Limit     0x0000bd34           --   Gb  - Linker created -
CodeRelocateRam$$Base   0x1fff0410           --   Gb  - Linker created -
CodeRelocateRam$$Limit  0x1fff045c           --   Gb  - Linker created -
Course                  0x200068ad     0x1  Data  Gb  botton.o [1]
DAC0_IRQHandler         0x0000b7d5    0x6a  Code  Gb  HW_DAC.o [1]
DAC1_IRQHandler         0x0000b83f    0x6a  Code  Gb  HW_DAC.o [1]
DAC_RDPTBOT_ISR         0x200064f8     0x8  Data  Gb  HW_DAC.o [1]
DAC_RDPTTOP_ISR         0x20006500     0x8  Data  Gb  HW_DAC.o [1]
DAC_WATERMK_ISR         0x20006508     0x8  Data  Gb  HW_DAC.o [1]
DMA0_IRQHandler         0x00009283    0x16  Code  Gb  HW_DMA.o [1]
DMA10_IRQHandler        0x0000935f    0x16  Code  Gb  HW_DMA.o [1]
DMA11_IRQHandler        0x00009375    0x16  Code  Gb  HW_DMA.o [1]
DMA12_IRQHandler        0x0000938b    0x16  Code  Gb  HW_DMA.o [1]
DMA13_IRQHandler        0x000093a1    0x16  Code  Gb  HW_DMA.o [1]
DMA14_IRQHandler        0x000093b7    0x16  Code  Gb  HW_DMA.o [1]
DMA15_IRQHandler        0x000093cd    0x16  Code  Gb  HW_DMA.o [1]
DMA1_IRQHandler         0x00009299    0x16  Code  Gb  HW_DMA.o [1]
DMA2_IRQHandler         0x000092af    0x16  Code  Gb  HW_DMA.o [1]
DMA3_IRQHandler         0x000092c5    0x16  Code  Gb  HW_DMA.o [1]
DMA4_IRQHandler         0x000092db    0x16  Code  Gb  HW_DMA.o [1]
DMA5_IRQHandler         0x000092f1    0x16  Code  Gb  HW_DMA.o [1]
DMA6_IRQHandler         0x00009307    0x16  Code  Gb  HW_DMA.o [1]
DMA7_IRQHandler         0x0000931d    0x16  Code  Gb  HW_DMA.o [1]
DMA8_IRQHandler         0x00009333    0x16  Code  Gb  HW_DMA.o [1]
DMA9_IRQHandler         0x00009349    0x16  Code  Gb  HW_DMA.o [1]
DMA_ISR                 0x20006510    0x40  Data  Gb  HW_DMA.o [1]
DefaultISR              0x00009d5f    0x18  Code  Gb  system_MK60.o [1]
Diagnostic_Reset_Source
                        0x0000a015    0x82  Code  Lc  system_MK60.o [1]
DianG_Init              0x000077f9    0x72  Code  Gb  timer.o [1]
ENET_ISR                0x20006550    0x10  Data  Gb  HW_ENET.o [1]
Eth_Err_Misc_IRQHandler
                        0x0000b9f7    0x16  Code  Gb  HW_ENET.o [1]
Eth_IEEE1588_IRQHandler
                        0x0000b9e1    0x16  Code  Gb  HW_ENET.o [1]
Eth_RX_IRQHandler       0x0000b995    0x26  Code  Gb  HW_ENET.o [1]
Eth_TX_IRQHandler       0x0000b9bb    0x26  Code  Gb  HW_ENET.o [1]
F6x8                    0x0000b1b4   0x228  Data  Gb  oled.o [1]
FTM0_IRQHandler         0x00008b0d     0xa  Code  Gb  HW_FTM.o [1]
FTM1_IRQHandler         0x00008b17     0xa  Code  Gb  HW_FTM.o [1]
FTM2_IRQHandler         0x00008b21     0xa  Code  Gb  HW_FTM.o [1]
FTM_ISR                 0x20006560     0xc  Data  Gb  HW_FTM.o [1]
FreeCarsDataNum         0x1fff0481     0x1  Data  Gb  freecars.o [1]
GPIO_ISR                0x2000656c    0x14  Data  Gb  HW_GPIO.o [1]
HardFault_Handler       0x00009d53     0xc  Code  Gb  system_MK60.o [1]
I2C0_IRQHandler         0x0000b8c9    0x5a  Code  Gb  HW_I2C.o [1]
I2C1_IRQHandler         0x0000b923    0x5a  Code  Gb  HW_I2C.o [1]
I2C_ISR                 0x20006580     0x8  Data  Gb  HW_I2C.o [1]
Image1                  0x1fff1090  0xa8c0  Data  Gb  camera_test.o [1]
Image2                  0x1fffb950  0xa8c0  Data  Gb  camera_test.o [1]
KeyScan                 0x000005f5    0xa0  Code  Gb  botton.o [1]
Key_DataDown            0x000031e5  0x1a4a  Code  Gb  botton.o [1]
Key_DataUp              0x00001809  0x19ca  Code  Gb  botton.o [1]
Key_Down                0x000014a1   0x324  Code  Gb  botton.o [1]
Key_Process             0x00004c2f   0x160  Code  Gb  botton.o [1]
Key_Up                  0x00001061   0x38a  Code  Gb  botton.o [1]
Key_delay               0x000005d5    0x20  Code  Gb  botton.o [1]
LED_DLY_ms              0x00005d8b    0x18  Code  Gb  oled.o [1]
LED_Fill                0x00005d4f    0x3c  Code  Gb  oled.o [1]
LED_Init                0x00005eaf    0xd8  Code  Gb  oled.o [1]
LED_LIGHT               0x1fff05d0    0x14  Data  Gb  botton.o [1]
LED_P6x8Char            0x00005f87    0x3e  Code  Gb  oled.o [1]
LED_P6x8Str             0x00005fc5    0x72  Code  Gb  oled.o [1]
LED_PrintValueFP        0x00006037   0x11a  Code  Gb  oled.o [1]
LED_Set_Pos             0x00005d27    0x28  Code  Gb  oled.o [1]
LED_WrCmd               0x00005cc1    0x66  Code  Gb  oled.o [1]
LED_WrDat               0x00005c59    0x66  Code  Gb  oled.o [1]
LPLD_CAN_Interrupt_ClearPending
                        0x0000b5f5    0x24  Code  Lc  HW_CAN.o [1]
LPLD_CAN_Interrupt_GetFlag
                        0x0000b619    0x1e  Code  Lc  HW_CAN.o [1]
LPLD_CAN_MB_ISR         0x0000b6ed    0x5a  Code  Lc  HW_CAN.o [1]
LPLD_CAN_Receive_Interrupt
                        0x0000b691    0x5c  Code  Lc  HW_CAN.o [1]
LPLD_CAN_Transmit_Interrupt
                        0x0000b637    0x5a  Code  Gb  HW_CAN.o [1]
LPLD_DMA_Init           0x00008f81   0x302  Code  Gb  HW_DMA.o [1]
LPLD_FTM_ClearCounter   0x00008411     0x6  Code  Gb  HW_FTM.o [1]
LPLD_FTM_DEC_Init       0x00008b05     0x8  Code  Lc  HW_FTM.o [1]
LPLD_FTM_GetCounter     0x0000840b     0x6  Code  Gb  HW_FTM.o [1]
LPLD_FTM_IC_Init        0x0000856f    0x96  Code  Lc  HW_FTM.o [1]
LPLD_FTM_Init           0x00008231   0x120  Code  Gb  HW_FTM.o [1]
LPLD_FTM_PWM_ChangeDuty
                        0x000083bb    0x50  Code  Gb  HW_FTM.o [1]
LPLD_FTM_PWM_Enable     0x00008351    0x6a  Code  Gb  HW_FTM.o [1]
LPLD_FTM_PWM_Init       0x00008449   0x126  Code  Lc  HW_FTM.o [1]
LPLD_FTM_PinInit        0x00008605   0x4a4  Code  Lc  HW_FTM.o [1]
LPLD_FTM_QD_Enable      0x00008417    0x32  Code  Gb  HW_FTM.o [1]
LPLD_FTM_QD_Init        0x00008ac9    0x3c  Code  Lc  HW_FTM.o [1]
LPLD_Flash_ByteProgram  0x00006673    0xd2  Code  Gb  HW_FLASH.o [1]
LPLD_Flash_Init         0x00006585    0x5a  Code  Gb  HW_FLASH.o [1]
LPLD_Flash_SectorErase  0x000065df    0x94  Code  Gb  HW_FLASH.o [1]
LPLD_GPIO_EnableIrq     0x00005605    0x4e  Code  Gb  HW_GPIO.o [1]
LPLD_GPIO_Init          0x00005521    0xe4  Code  Gb  HW_GPIO.o [1]
LPLD_GPIO_Output_b      0x00005653    0x18  Code  Gb  HW_GPIO.o [1]
LPLD_LPTMR_DelayMs      0x000064a5    0x40  Code  Gb  HW_LPTMR.o [1]
LPLD_NVIC_Init          0x0000add1   0x104  Code  Gb  HW_NVIC.o [1]
LPLD_PIT_Init           0x00007925    0xb2  Code  Gb  HW_PIT.o [1]
LPLD_PLL_Setup          0x0000a2a5   0x198  Code  Gb  HW_MCG.o [1]
LPLD_Set_SYS_DIV        0x1fff0411    0x4c  Code  Gb  HW_MCG.o [1]
LPLD_UART_EnableIrq     0x0000984b    0x98  Code  Gb  HW_UART.o [1]
LPLD_UART_GetChar       0x00009825     0xe  Code  Gb  HW_UART.o [1]
LPLD_UART_Init          0x0000941b   0x40a  Code  Gb  HW_UART.o [1]
LPLD_UART_PutChar       0x00009833    0x18  Code  Gb  HW_UART.o [1]
LPTMR_ISR               0x20006588     0x4  Data  Gb  HW_LPTMR.o [1]
LPT_IRQHandler          0x000064e5    0x16  Code  Gb  HW_LPTMR.o [1]
L_R_judge               0x200067a0    0x64  Data  Gb  timer.o [1]
MT9V032_CFG_init        0x00007eaf    0x62  Code  Gb  camera_test.o [1]
Middle_Point_Configure  0x0000707b   0x486  Code  Gb  timer.o [1]
NOpoint                 0x200068b8     0x1  Data  Gb  camera_test.o [1]
NVIC_DisableIRQ         0x0000a453    0x16  Code  Lc  0526.o [1]
NVIC_DisableIRQ         0x0000a851    0x14  Code  Lc  barrier.o [1]
NVIC_DisableIRQ         0x00007a73    0x16  Code  Lc  camera_test.o [1]
NVIC_DisableIRQ         0x0000ad5d    0x14  Code  Lc  HW_NVIC.o [1]
NVIC_DisableIRQ         0x000069d5    0x16  Code  Lc  timer.o [1]
NVIC_EnableIRQ          0x0000a43d    0x16  Code  Lc  0526.o [1]
NVIC_EnableIRQ          0x00007a5d    0x16  Code  Lc  camera_test.o [1]
NVIC_EnableIRQ          0x0000550d    0x14  Code  Lc  HW_GPIO.o [1]
NVIC_EnableIRQ          0x0000ad49    0x14  Code  Lc  HW_NVIC.o [1]
NVIC_EnableIRQ          0x00009405    0x16  Code  Lc  HW_UART.o [1]
NVIC_EncodePriority     0x0000ad93    0x3e  Code  Lc  HW_NVIC.o [1]
NVIC_SetPriority        0x0000ad71    0x22  Code  Lc  HW_NVIC.o [1]
NVIC_SetPriorityGrouping
                        0x0000ad2d    0x1c  Code  Lc  HW_NVIC.o [1]
OS_CPU_SysTickHandler   0x0000c299     0xa  Code  Gb  HW_SYSTICK.o [1]
PDB_IRQHandler          0x0000ba15    0x6a  Code  Gb  HW_PDB.o [1]
PDB_ISR                 0x2000658c     0x4  Data  Gb  HW_PDB.o [1]
PDB_SE_ISR              0x20006590     0x4  Data  Gb  HW_PDB.o [1]
PID_Init                0x000069eb    0xb2  Code  Gb  timer.o [1]
PIT0_IRQHandler         0x000079d7    0x16  Code  Gb  HW_PIT.o [1]
PIT1_IRQHandler         0x000079ed    0x16  Code  Gb  HW_PIT.o [1]
PIT2_IRQHandler         0x00007a03    0x16  Code  Gb  HW_PIT.o [1]
PIT3_IRQHandler         0x00007a19    0x16  Code  Gb  HW_PIT.o [1]
PIT_ISR                 0x20006594    0x10  Data  Gb  HW_PIT.o [1]
PORTA_IRQHandler        0x0000566b    0x12  Code  Gb  HW_GPIO.o [1]
PORTB_IRQHandler        0x0000567d    0x12  Code  Gb  HW_GPIO.o [1]
PORTC_IRQHandler        0x0000568f    0x12  Code  Gb  HW_GPIO.o [1]
PORTD_IRQHandler        0x000056a1    0x12  Code  Gb  HW_GPIO.o [1]
PORTE_IRQHandler        0x000056b3    0x12  Code  Gb  HW_GPIO.o [1]
PTD_isr                 0x0000a8dd    0x12  Code  Gb  barrier.o [1]
PTE_isr                 0x0000a8f1    0x12  Code  Gb  barrier.o [1]
PageInit                0x00000971   0x6ba  Code  Gb  botton.o [1]
PageNum                 0x200068ae     0x1  Data  Gb  botton.o [1]
QD_init                 0x00007745    0x5e  Code  Gb  timer.o [1]
RTC_IRQHandler          0x0000bb05    0x56  Code  Gb  HW_RTC.o [1]
RTC_ISR                 0x200065a4     0xc  Data  Gb  HW_RTC.o [1]
Region$$Table$$Base     0x0000bfa8           --   Gb  - Linker created -
Region$$Table$$Limit    0x0000bfb8           --   Gb  - Linker created -
SPI0_IRQHandler         0x0000b3dd    0xaa  Code  Gb  HW_SPI.o [1]
SPI0_ISR                0x200065b0    0x18  Data  Gb  HW_SPI.o [1]
SPI1_IRQHandler         0x0000b487    0xaa  Code  Gb  HW_SPI.o [1]
SPI1_ISR                0x200065c8    0x18  Data  Gb  HW_SPI.o [1]
SPI2_IRQHandler         0x0000b531    0xaa  Code  Gb  HW_SPI.o [1]
SPI2_ISR                0x200065e0    0x18  Data  Gb  HW_SPI.o [1]
SYSTICK_ISR             0x200065f8     0x4  Data  Gb  HW_SYSTICK.o [1]
SaveData                0x00000695   0x2d2  Code  Gb  botton.o [1]
ScreenData              0x1fff05ec   0x140  Data  Gb  botton.o [1]
ScreenStr               0x1fff072c   0x960  Data  Gb  botton.o [1]
SerialPortRx            0x20006304    0x6c  Data  Gb  freecars.o [1]
Servo_Init              0x000077b5    0x3c  Code  Gb  timer.o [1]
SetAddressingMode       0x00005da3    0x14  Code  Gb  oled.o [1]
SetCenterX              0x1fff0482     0x1  Data  Gb  timer.o [1]
SetContrastControl      0x00005dc5    0x14  Code  Gb  oled.o [1]
SetSpeed                0x200068a8     0x2  Data  Gb  timer.o [1]
SetSpeed_Configuration  0x00006e63   0x218  Code  Gb  timer.o [1]
SetStartLine            0x00005db7     0xe  Code  Gb  oled.o [1]
Set_Charge_Pump         0x00005dd9    0x16  Code  Gb  oled.o [1]
Set_Common_Config       0x00005e85    0x16  Code  Gb  oled.o [1]
Set_Common_Remap        0x00005e3b     0xe  Code  Gb  oled.o [1]
Set_Display_Clock       0x00005e5d    0x14  Code  Gb  oled.o [1]
Set_Display_Offset      0x00005e49    0x14  Code  Gb  oled.o [1]
Set_Display_On_Off      0x00005e2d     0xe  Code  Gb  oled.o [1]
Set_Entire_Display      0x00005dfd     0xe  Code  Gb  oled.o [1]
Set_Inverse_Display     0x00005e0b     0xe  Code  Gb  oled.o [1]
Set_Multiplex_Ratio     0x00005e19    0x14  Code  Gb  oled.o [1]
Set_Precharge_Period    0x00005e71    0x14  Code  Gb  oled.o [1]
Set_Segment_Remap       0x00005def     0xe  Code  Gb  oled.o [1]
Set_VCOMH               0x00005e9b    0x14  Code  Gb  oled.o [1]
Speed_PID               0x20006774    0x2c  Data  Gb  timer.o [1]
Speed_PID_Cal           0x0000751d    0xfc  Code  Gb  timer.o [1]
SystemCoreClock         0x1fff046c     0x4  Data  Gb  system_MK60.o [1]
SystemCoreClockUpdate   0x00009d25    0x2e  Code  Gb  system_MK60.o [1]
SystemInit              0x00009be9   0x13c  Code  Gb  system_MK60.o [1]
TSI_IRQHandler          0x0000ba95    0x5c  Code  Gb  HW_TSI.o [1]
TSI_ISR                 0x200065fc     0x8  Data  Gb  HW_TSI.o [1]
Turn_PID                0x2000671c    0x2c  Data  Gb  timer.o [1]
Turn_PID_Cal            0x00007669    0xc2  Code  Gb  timer.o [1]
Turn_close_PID          0x20006748    0x2c  Data  Gb  timer.o [1]
UART0_ERR_IRQHandler    0x00009bdd     0x2  Code  Gb  HW_UART.o [1]
UART0_IRQHandler        0x000098e3    0x58  Code  Gb  HW_UART.o [1]
UART1_ERR_IRQHandler    0x00009bdf     0x2  Code  Gb  HW_UART.o [1]
UART1_IRQHandler        0x0000993b    0x58  Code  Gb  HW_UART.o [1]
UART2_ERR_IRQHandler    0x00009be1     0x2  Code  Gb  HW_UART.o [1]
UART2_IRQHandler        0x00009993    0x58  Code  Gb  HW_UART.o [1]
UART3_ERR_IRQHandler    0x00009be3     0x2  Code  Gb  HW_UART.o [1]
UART3_IRQHandler        0x000099eb    0x58  Code  Gb  HW_UART.o [1]
UART4_ERR_IRQHandler    0x00009be5     0x2  Code  Gb  HW_UART.o [1]
UART4_IRQHandler        0x00009a43    0x58  Code  Gb  HW_UART.o [1]
UART5_ERR_IRQHandler    0x00009be7     0x2  Code  Gb  HW_UART.o [1]
UART5_IRQHandler        0x00009a9b    0x58  Code  Gb  HW_UART.o [1]
UART_R_ISR              0x20006604    0x18  Data  Gb  HW_UART.o [1]
UART_T_ISR              0x2000661c    0x18  Data  Gb  HW_UART.o [1]
USB_ISR                 0x20006638     0x4  Data  Gb  HW_USB.o [1]
USB_OTG_IRQHandler      0x0000c2a9     0xa  Code  Gb  HW_USB.o [1]
UartCmd                 0x0000aa29    0x3a  Code  Gb  freecars.o [1]
UartData                0x1fff0498    0x48  Data  Gb  freecars.o [1]
UartDebug               0x0000a941    0xe8  Code  Gb  freecars.o [1]
WhichBuffer             0x1fff047e     0x1  Data  Gb  camera_test.o [1]
__BOOT_STACK_ADDRESS {Abs}
                        0x2000fff8           --   Gb  command line/config [2]
__VECTOR_RAM {Abs}      0x1fff0000           --   Gb  command line/config [2]
__VECTOR_TABLE {Abs}    0x00000000           --   Gb  command line/config [2]
__Vectors               0x00000000           --   Gb  startup_K60DZ10.o [1]
__Vectors_End           0x00000400          Data  Gb  startup_K60DZ10.o [1]
__Vectors_Size {Abs}    0x00000400           --   Gb  startup_K60DZ10.o [1]
__aeabi_cdcmpeq         0x0000aef1          Code  Gb  DblCmpEq.o [4]
__aeabi_cfcmple         0x00008e85          Code  Gb  FltCmpLe.o [4]
__aeabi_cfrcmple        0x00008bf9          Code  Gb  FltCmpGe.o [4]
__aeabi_d2f             0x00006945          Code  Gb  DblToFlt.o [4]
__aeabi_d2iz            0x0000af11          Code  Gb  DblToI32.o [4]
__aeabi_ddiv            0x0000af5d          Code  Gb  DblDiv.o [4]
__aeabi_dmul            0x000067a1          Code  Gb  DblMul.o [4]
__aeabi_f2iz            0x00006541          Code  Gb  FltToS32.o [4]
__aeabi_f2uiz           0x00008ba5          Code  Gb  FltToU32.o [4]
__aeabi_fadd            0x00008d05          Code  Gb  FltAdd.o [4]
__aeabi_fdiv            0x00008d89          Code  Gb  FltDiv.o [4]
__aeabi_fmul            0x00008ea9          Code  Gb  FltMul.o [4]
__aeabi_fsub            0x00008c1d          Code  Gb  FltSub.o [4]
__aeabi_i2d             0x00006771          Code  Gb  I32ToDbl.o [4]
__aeabi_i2f             0x00008bc9          Code  Gb  I32ToFlt.o [4]
__aeabi_ui2d            0x00006785          Code  Gb  I32ToDbl.o [4]
__cmain                 0x0000c0a9          Code  Gb  cmain.o [5]
__exit                  0x0000c0d9    0x14  Code  Gb  exit.o [6]
__iar_d2uiz             0x0000af3d          Code  Gb  DblToI32.o [4]
__iar_data_init3        0x0000bf39    0x28  Code  Gb  data_init.o [5]
__iar_fadd              0x00008d15          Code  Gb  FltAdd.o [4]
__iar_fsub              0x00008c2d          Code  Gb  FltSub.o [4]
__iar_fsubStart         0x00008c3d          Code  Gb  FltSub.o [4]
__iar_program_start     0x0000c469          Code  Gb  cstartup_M.o [5]
__iar_ui2d              0x00006789          Code  Gb  I32ToDbl.o [4]
__iar_ui2f              0x00008bdd          Code  Gb  I32ToFlt.o [4]
__iar_unaligned___aeabi_memcpy4
                        0x000054b5          Code  Gb  ABImemcpy_unaligned.o [5]
__iar_unaligned___aeabi_memcpy8
                        0x000054b5          Code  Gb  ABImemcpy_unaligned.o [5]
__iar_zero_init3        0x0000be05    0x40  Code  Gb  zero_init3.o [5]
__low_level_init        0x0000c0c3     0x4  Code  Gb  low_level_init.o [3]
__vector_table          0x00000000          Data  Gb  startup_K60DZ10.o [1]
__vector_table_0x1c     0x0000001c          Data  Gb  startup_K60DZ10.o [1]
_call_main              0x0000c0b5          Code  Gb  cmain.o [5]
_exit                   0x0000c0cd          Code  Gb  cexit.o [5]
_main                   0x0000c0bf          Code  Gb  cmain.o [5]
acce                    0x1fff0478     0x2  Data  Gb  timer.o [1]
assert_failed           0x00006511    0x14  Code  Gb  assert.o [1]
barrier_init            0x0000a865    0x78  Code  Gb  barrier.o [1]
boma_init_gpio          0x0000a7bf    0x30  Code  Gb  0526.o [1]
botton_dial_switch_gpio_init
                        0x00000425   0x1b0  Code  Gb  botton.o [1]
botton_gpio_init        0x1fff05a8    0x14  Data  Gb  botton.o [1]
brake_start             0x1fff0494     0x1  Data  Gb  timer.o [1]
bz_end                  0x1fff0493     0x1  Data  Gb  timer.o [1]
bz_flag                 0x200068ca     0x1  Data  Gb  timer.o [1]
bz_nopoint              0x200068b2     0x1  Data  Gb  camera_test.o [1]
bz_speed                0x1fff047c     0x2  Data  Gb  timer.o [1]
bz_turn_pwm             0x1fff108c     0x4  Data  Gb  camera_test.o [1]
bzx                     0x200068b0     0x1  Data  Gb  camera_test.o [1]
bzy                     0x200068b1     0x1  Data  Gb  camera_test.o [1]
camera_init             0x00007a89   0x27a  Code  Gb  camera_test.o [1]
car_stop_flag           0x200068c2     0x1  Data  Gb  timer.o [1]
clear_screen_number     0x1fff05e4     0x4  Data  Gb  botton.o [1]
code_switch             0x200068ac     0x1  Data  Gb  0526.o [1]
common_relocate         0x0000a1fd    0xa0  Code  Gb  relocate.o [1]
course_judge            0x1fff05e8     0x4  Data  Gb  botton.o [1]
cpu_identify            0x00009d7d   0x1f2  Code  Lc  system_MK60.o [1]
dc_judge                0x1fff0476     0x2  Data  Gb  timer.o [1]
del                     0x200068cb     0x1  Data  Gb  timer.o [1]
dial_switch_init        0x1fff05bc    0x14  Data  Gb  botton.o [1]
end_flag                0x200068b3     0x1  Data  Gb  camera_test.o [1]
exit                    0x0000c0c7     0x4  Code  Gb  exit.o [3]
flash_config            0x0000626b   0x1e2  Code  Gb  myflash.o [1]
flash_identify          0x00009f6f    0xa6  Code  Lc  system_MK60.o [1]
flexcan_msgobj_param_t  0x20006378   0x100  Data  Gb  HW_CAN.o [1]
g_bus_clock             0x1fff0460     0x4  Data  Gb  HW_MCG.o [1]
g_core_clock            0x1fff045c     0x4  Data  Gb  HW_MCG.o [1]
g_flash_clock           0x1fff0464     0x4  Data  Gb  HW_MCG.o [1]
g_flexbus_clock         0x1fff0468     0x4  Data  Gb  HW_MCG.o [1]
highspeed               0x1fff0470     0x2  Data  Gb  timer.o [1]
i                       0x200068c3     0x1  Data  Gb  timer.o [1]
joke                    0x20006634     0x4  Data  Lc  HW_UART.o [1]
last_nopoint            0x1fff0480     0x1  Data  Gb  camera_test.o [1]
led_gpio_int            0x00005c1d    0x3c  Code  Gb  oled.o [1]
lock                    0x200068b6     0x1  Data  Gb  camera_test.o [1]
lowspeed                0x1fff0472     0x2  Data  Gb  timer.o [1]
lph1                    0x1fff0484     0x1  Data  Gb  timer.o [1]
lph2                    0x1fff0485     0x1  Data  Gb  timer.o [1]
lph3                    0x1fff0486     0x1  Data  Gb  timer.o [1]
lph4                    0x1fff0487     0x1  Data  Gb  timer.o [1]
lph5                    0x1fff0488     0x1  Data  Gb  timer.o [1]
lph6                    0x1fff0489     0x1  Data  Gb  timer.o [1]
lph7                    0x1fff048a     0x1  Data  Gb  timer.o [1]
lr_lock                 0x200068c5     0x1  Data  Gb  timer.o [1]
main                    0x0000a469   0x22c  Code  Gb  0526.o [1]
move_flag               0x200068c0     0x1  Data  Gb  infrared.o [1]
my_delay                0x00008001     0xa  Code  Gb  camera_test.o [1]
nvic_init               0x0000a695   0x12a  Code  Gb  0526.o [1]
out_char                0x0000c255     0xe  Code  Gb  io.o [1]
parameter_flash         0x0000615d   0x10e  Code  Gb  myflash.o [1]
ph_DataDown             0x000052cd   0x152  Code  Gb  botton.o [1]
ph_DataUp               0x00005175   0x158  Code  Gb  botton.o [1]
ph_course               0x200068af     0x1  Data  Gb  botton.o [1]
ph_lock1                0x200068c8     0x1  Data  Gb  timer.o [1]
ph_lock2                0x200068c9     0x1  Data  Gb  timer.o [1]
pianhang_config         0x00004d9d   0x3d0  Code  Gb  botton.o [1]
picture_send            0x00007e39    0x76  Code  Gb  camera_test.o [1]
pit0_isr                0x00006ad5   0x38e  Code  Gb  timer.o [1]
pit_init                0x00006a9d    0x38  Code  Gb  timer.o [1]
portb_isr               0x00007f11    0xf0  Code  Gb  camera_test.o [1]
printf                  0x00005bd1    0x1e  Code  Gb  printf.o [1]
printk                  0x000057e9   0x3e8  Code  Gb  printf.o [1]
printk_mknumstr         0x0000573d    0x70  Code  Lc  printf.o [1]
printk_pad_space        0x000057cb    0x1e  Code  Lc  printf.o [1]
printk_pad_zero         0x000057ad    0x1e  Code  Lc  printf.o [1]
printk_putc             0x00005711    0x2c  Code  Lc  printf.o [1]
ptr                     0x20006704     0x4  Data  Gb  myflash.o [1]
push                    0x0000aabb    0x2c  Code  Gb  freecars.o [1]
qd_result               0x200068a4     0x2  Data  Gb  timer.o [1]
real_pointx             0x200068b9     0x1  Data  Gb  camera_test.o [1]
real_pointy             0x200068ba     0x1  Data  Gb  camera_test.o [1]
result                  0x200068c1     0x1  Data  Gb  myflash.o [1]
rol                     0x1fff0492     0x1  Data  Gb  timer.o [1]
row                     0x200068b5     0x1  Data  Gb  camera_test.o [1]
rowAdr                  0x200068b7     0x1  Data  Gb  camera_test.o [1]
rph1                    0x1fff048b     0x1  Data  Gb  timer.o [1]
rph2                    0x1fff048c     0x1  Data  Gb  timer.o [1]
rph3                    0x1fff048d     0x1  Data  Gb  timer.o [1]
rph4                    0x1fff048e     0x1  Data  Gb  timer.o [1]
rph5                    0x1fff048f     0x1  Data  Gb  timer.o [1]
rph6                    0x1fff0490     0x1  Data  Gb  timer.o [1]
rph7                    0x1fff0491     0x1  Data  Gb  timer.o [1]
s5                      0x20006804    0x14  Data  Gb  timer.o [1]
sendDataToScope         0x0000aa63    0x58  Code  Gb  freecars.o [1]
setvalue                0x1fff047f     0x1  Data  Gb  camera_test.o [1]
sflag                   0x200068c4     0x1  Data  Gb  timer.o [1]
speed                   0x200068a6     0x2  Data  Gb  timer.o [1]
sprintf                 0x00005bf5    0x26  Code  Gb  printf.o [1]
ss                      0x200068aa     0x2  Data  Gb  timer.o [1]
start                   0x0000a925    0x10  Code  Gb  infrared.o [1]
start_flag              0x200068b4     0x1  Data  Gb  camera_test.o [1]
stop                    0x1fff047a     0x2  Data  Gb  timer.o [1]
stopflag                0x200068bf     0x1  Data  Gb  freecars.o [1]
strlen                  0x00006525    0x1c  Code  Gb  stdlib.o [1]
turn_large              0x20006820     0x8  Data  Gb  timer.o [1]
turn_little             0x20006818     0x8  Data  Gb  timer.o [1]
turnspeed               0x1fff0474     0x2  Data  Gb  timer.o [1]
uSendBuf                0x200062e0    0x24  Data  Gb  freecars.o [1]
uart3_isr               0x00007d05   0x134  Code  Gb  camera_test.o [1]
uart4_isr               0x0000aae7   0x214  Code  Gb  freecars.o [1]
write_buffer            0x2000663c    0xc8  Data  Gb  myflash.o [1]
zero_lock1              0x200068c6     0x1  Data  Gb  timer.o [1]
zero_lock2              0x200068c7     0x1  Data  Gb  timer.o [1]


[1] = G:\study\car\program\lib_and_example\LPLD_OSKinetis_V3\project\Car_B_main_2017_8_23\iar\FLASH\Obj
[2] = command line
[3] = dl7M_tln.a
[4] = m7M_tl.a
[5] = rt7M_tl.a
[6] = shb_l.a

  47 666 bytes of readonly  code memory
      76 bytes of readwrite code memory
   2 858 bytes of readonly  data memory
  95 341 bytes of readwrite data memory

Errors: none
Warnings: none
