###############################################################################
#
# IAR ELF Linker V7.50.1.10123/W32 for ARM                07/Feb/2018  18:56:01
# Copyright 2007-2015 IAR Systems AB.
#
#    Output file  =  
#        G:\study\car\program\lib_and_example\LPLD_OSKinetis_V3\project\C_cong0820\iar\FLASH\Exe\C_cong0820_K60DZ10.out
#    Map file     =  
#        G:\study\car\program\lib_and_example\LPLD_OSKinetis_V3\project\C_cong0820\iar\FLASH\List\C_cong0820_K60DZ10.map
#    Command line =  
#        G:\study\car\program\lib_and_example\LPLD_OSKinetis_V3\project\C_cong0820\iar\FLASH\Obj\alloc.o
#        G:\study\car\program\lib_and_example\LPLD_OSKinetis_V3\project\C_cong0820\iar\FLASH\Obj\assert.o
#        G:\study\car\program\lib_and_example\LPLD_OSKinetis_V3\project\C_cong0820\iar\FLASH\Obj\C_cong.o
#        G:\study\car\program\lib_and_example\LPLD_OSKinetis_V3\project\C_cong0820\iar\FLASH\Obj\camera.o
#        G:\study\car\program\lib_and_example\LPLD_OSKinetis_V3\project\C_cong0820\iar\FLASH\Obj\HW_ADC.o
#        G:\study\car\program\lib_and_example\LPLD_OSKinetis_V3\project\C_cong0820\iar\FLASH\Obj\HW_DMA.o
#        G:\study\car\program\lib_and_example\LPLD_OSKinetis_V3\project\C_cong0820\iar\FLASH\Obj\HW_FTM.o
#        G:\study\car\program\lib_and_example\LPLD_OSKinetis_V3\project\C_cong0820\iar\FLASH\Obj\HW_GPIO.o
#        G:\study\car\program\lib_and_example\LPLD_OSKinetis_V3\project\C_cong0820\iar\FLASH\Obj\HW_MCG.o
#        G:\study\car\program\lib_and_example\LPLD_OSKinetis_V3\project\C_cong0820\iar\FLASH\Obj\HW_NVIC.o
#        G:\study\car\program\lib_and_example\LPLD_OSKinetis_V3\project\C_cong0820\iar\FLASH\Obj\HW_PIT.o
#        G:\study\car\program\lib_and_example\LPLD_OSKinetis_V3\project\C_cong0820\iar\FLASH\Obj\HW_UART.o
#        G:\study\car\program\lib_and_example\LPLD_OSKinetis_V3\project\C_cong0820\iar\FLASH\Obj\io.o
#        G:\study\car\program\lib_and_example\LPLD_OSKinetis_V3\project\C_cong0820\iar\FLASH\Obj\obstacle.o
#        G:\study\car\program\lib_and_example\LPLD_OSKinetis_V3\project\C_cong0820\iar\FLASH\Obj\oled.o
#        G:\study\car\program\lib_and_example\LPLD_OSKinetis_V3\project\C_cong0820\iar\FLASH\Obj\printf.o
#        G:\study\car\program\lib_and_example\LPLD_OSKinetis_V3\project\C_cong0820\iar\FLASH\Obj\queue.o
#        G:\study\car\program\lib_and_example\LPLD_OSKinetis_V3\project\C_cong0820\iar\FLASH\Obj\relocate.o
#        G:\study\car\program\lib_and_example\LPLD_OSKinetis_V3\project\C_cong0820\iar\FLASH\Obj\startup_K60DZ10.o
#        G:\study\car\program\lib_and_example\LPLD_OSKinetis_V3\project\C_cong0820\iar\FLASH\Obj\stdlib.o
#        G:\study\car\program\lib_and_example\LPLD_OSKinetis_V3\project\C_cong0820\iar\FLASH\Obj\system_MK60.o
#        G:\study\car\program\lib_and_example\LPLD_OSKinetis_V3\project\C_cong0820\iar\FLASH\Obj\timer.o
#        G:\study\car\program\lib_and_example\LPLD_OSKinetis_V3\project\C_cong0820\iar\FLASH\Obj\uif.o
#        --redirect _Printf=_PrintfFull --redirect _Scanf=_ScanfFull -o
#        G:\study\car\program\lib_and_example\LPLD_OSKinetis_V3\project\C_cong0820\iar\FLASH\Exe\C_cong0820_K60DZ10.out
#        --map
#        G:\study\car\program\lib_and_example\LPLD_OSKinetis_V3\project\C_cong0820\iar\FLASH\List\C_cong0820_K60DZ10.map
#        --config
#        G:\study\car\program\lib_and_example\LPLD_OSKinetis_V3\project\C_cong0820\iar\..\..\..\lib\iar_config_files\LPLD_K60DN512_FLASH.icf
#        --semihosting --entry __iar_program_start "E:\IAR Systems\Embedded
#        Workbench 7.3\arm\CMSIS\Lib\IAR\iar_cortexM4l_math.a"
#        --merge_duplicate_sections --vfe
#
###############################################################################

*******************************************************************************
*** RUNTIME MODEL ATTRIBUTES
***

CppFlavor       = *
__SystemLibrary = DLib


*******************************************************************************
*** PLACEMENT SUMMARY
***

"A1":  place at 0x00000000 { ro section .intvec };
"A2":  place at 0x00000410 { ro section .noinit };
"P1":  place in [from 0x00000000 to 0x00080000] { ro, block CodeRelocate };
"P2":  place in [from 0x1fff0410 to 0x20010000] {
          rw, block CodeRelocateRam, block CSTACK, block HEAP };

  Section              Kind        Address    Size  Object
  -------              ----        -------    ----  ------
"A1":                                        0x400
  .intvec              ro code  0x00000000   0x400  startup_K60DZ10.o [1]
                              - 0x00000400   0x400

"P1", part 1 of 2:                             0x0
  .rodata              const    0x00000400     0x0  zero_init3.o [5]

"A2":                                         0x14
  .noinit              ro code  0x00000410    0x10  startup_K60DZ10.o [1]
  .noinit              ro code  0x00000420     0x4  startup_K60DZ10.o [1]
                              - 0x00000424    0x14

"P1", part 2 of 2:                          0x4468
  .text                ro code  0x00000424   0x7f4  oled.o [1]
  .text                ro code  0x00000c18    0x56  ABImemcpy_unaligned.o [5]
  .text                ro code  0x00000c70   0x204  HW_GPIO.o [1]
  .text                ro code  0x00000e74    0x44  FltToS32.o [4]
  .text                ro code  0x00000eb8    0x2e  I32ToFlt.o [4]
  .text                ro code  0x00000ee8    0xe6  FltSub.o [4]
  .text                ro code  0x00000fd0    0xd8  FltMul.o [4]
  .text                ro code  0x000010a8    0x24  FltCmpLe.o [4]
  .text                ro code  0x000010cc    0x14  assert.o [1]
  .text                ro code  0x000010e0    0x74  FltAdd.o [4]
  .text                ro code  0x00001154   0x4e4  printf.o [1]
  .text                ro code  0x00001638    0x1c  stdlib.o [1]
  .text                ro code  0x00001654   0x7d4  HW_UART.o [1]
  .text                ro code  0x00001e28   0x748  camera.o [1]
  .text                ro code  0x00002570   0x484  HW_DMA.o [1]
  .text                ro code  0x000029f4    0x2c  I32ToDbl.o [4]
  .text                ro code  0x00002a20   0x1a2  DblMul.o [4]
  .text                ro code  0x00002bc4   0x256  DblDiv.o [4]
  .text                ro code  0x00002e1c    0x90  DblToFlt.o [4]
  .text                ro code  0x00002eac   0x614  system_MK60.o [1]
  .text                ro code  0x000034c0    0xa0  relocate.o [1]
  Veneer               ro code  0x00003560     0x8  - Linker created -
  .text                ro code  0x00003568   0x198  HW_MCG.o [1]
  .text                ro code  0x00003700   0x258  timer.o [1]
  .text                ro code  0x00003958   0x174  HW_PIT.o [1]
  .text                ro code  0x00003acc    0xe0  obstacle.o [1]
  .rodata              const    0x00003bac   0x228  oled.o [1]
  .text                ro code  0x00003dd4   0x1c4  HW_NVIC.o [1]
  .text                ro code  0x00003f98   0x128  C_cong.o [1]
  .rodata              const    0x000040c0    0x50  HW_GPIO.o [1]
  .rodata              const    0x00004110    0x50  HW_NVIC.o [1]
  .rodata              const    0x00004160    0x4c  HW_DMA.o [1]
  .rodata              const    0x000041ac    0x4c  HW_PIT.o [1]
  CodeRelocate                  0x000041f8    0x4c  <Block>
    Initializer bytes  const    0x000041f8    0x4c  <for CodeRelocateRam-1>
  .rodata              const    0x00004244    0x48  system_MK60.o [1]
  .rodata              const    0x0000428c    0x44  system_MK60.o [1]
  .rodata              const    0x000042d0    0x44  system_MK60.o [1]
  .text                ro code  0x00004314    0x40  zero_init3.o [5]
  .rodata              const    0x00004354    0x30  assert.o [1]
  .rodata              const    0x00004384    0x30  system_MK60.o [1]
  .rodata              const    0x000043b4    0x30  system_MK60.o [1]
  .rodata              const    0x000043e4    0x28  system_MK60.o [1]
  .text                ro code  0x0000440c    0x28  data_init.o [5]
  .rodata              const    0x00004434    0x24  system_MK60.o [1]
  .rodata              const    0x00004458    0x24  system_MK60.o [1]
  .text                ro code  0x0000447c    0x24  HW_FTM.o [1]
  .iar.init_table      const    0x000044a0    0x10  - Linker created -
  .rodata              const    0x000044b0    0x20  system_MK60.o [1]
  .rodata              const    0x000044d0    0x20  system_MK60.o [1]
  .rodata              const    0x000044f0    0x20  system_MK60.o [1]
  .rodata              const    0x00004510    0x20  system_MK60.o [1]
  .rodata              const    0x00004530    0x1c  system_MK60.o [1]
  .rodata              const    0x0000454c    0x1c  system_MK60.o [1]
  .rodata              const    0x00004568    0x1c  system_MK60.o [1]
  .text                ro code  0x00004584    0x1c  HW_ADC.o [1]
  .text                ro code  0x000045a0    0x1a  cmain.o [5]
  .text                ro code  0x000045ba     0x4  low_level_init.o [3]
  .text                ro code  0x000045be     0x4  exit.o [3]
  .text                ro code  0x000045c4     0xa  cexit.o [5]
  .text                ro code  0x000045d0    0x14  exit.o [6]
  .rodata              const    0x000045e4    0x18  system_MK60.o [1]
  .rodata              const    0x000045fc    0x18  system_MK60.o [1]
  .rodata              const    0x00004614    0x18  system_MK60.o [1]
  .rodata              const    0x0000462c    0x18  system_MK60.o [1]
  .rodata              const    0x00004644    0x18  system_MK60.o [1]
  .rodata              const    0x0000465c    0x18  system_MK60.o [1]
  .rodata              const    0x00004674    0x18  system_MK60.o [1]
  .rodata              const    0x0000468c    0x18  system_MK60.o [1]
  .rodata              const    0x000046a4    0x18  system_MK60.o [1]
  .rodata              const    0x000046bc    0x18  system_MK60.o [1]
  .data_init                    0x000046d4    0x18  <Block>
    Initializer bytes  const    0x000046d4    0x18  <for .data-1>
  .rodata              const    0x000046ec    0x14  system_MK60.o [1]
  .rodata              const    0x00004700    0x14  system_MK60.o [1]
  .rodata              const    0x00004714    0x14  system_MK60.o [1]
  .rodata              const    0x00004728    0x14  system_MK60.o [1]
  .rodata              const    0x0000473c    0x14  system_MK60.o [1]
  .rodata              const    0x00004750    0x14  system_MK60.o [1]
  .text                ro code  0x00004764    0x14  io.o [1]
  .rodata              const    0x00004778    0x10  system_MK60.o [1]
  .rodata              const    0x00004788    0x10  system_MK60.o [1]
  .rodata              const    0x00004798    0x10  system_MK60.o [1]
  .rodata              const    0x000047a8     0xc  C_cong.o [1]
  .rodata              const    0x000047b4     0xc  C_cong.o [1]
  .rodata              const    0x000047c0     0xc  system_MK60.o [1]
  .rodata              const    0x000047cc     0xc  system_MK60.o [1]
  .text                ro code  0x000047d8     0xc  cstartup_M.o [5]
  .rodata              const    0x000047e4     0x8  C_cong.o [1]
  .rodata              const    0x000047ec     0x8  C_cong.o [1]
  .rodata              const    0x000047f4     0x8  system_MK60.o [1]
  .rodata              const    0x000047fc     0x8  system_MK60.o [1]
  .rodata              const    0x00004804     0x8  system_MK60.o [1]
  .rodata              const    0x0000480c     0x8  system_MK60.o [1]
  .rodata              const    0x00004814     0x8  system_MK60.o [1]
  .rodata              const    0x0000481c     0x8  system_MK60.o [1]
  .rodata              const    0x00004824     0x8  system_MK60.o [1]
  .rodata              const    0x0000482c     0x8  system_MK60.o [1]
  .rodata              const    0x00004834     0x8  system_MK60.o [1]
  .rodata              const    0x0000483c     0x8  system_MK60.o [1]
  .rodata              const    0x00004844     0x8  system_MK60.o [1]
  .rodata              const    0x0000484c     0x8  system_MK60.o [1]
  .rodata              const    0x00004854     0x8  system_MK60.o [1]
  .rodata              const    0x0000485c     0x8  system_MK60.o [1]
  .rodata              const    0x00004864     0x8  system_MK60.o [1]
  .rodata              const    0x0000486c     0x8  system_MK60.o [1]
  .rodata              const    0x00004874     0x8  system_MK60.o [1]
  .rodata              const    0x0000487c     0x8  system_MK60.o [1]
  .rodata              const    0x00004884     0x8  system_MK60.o [1]
                              - 0x0000488c  0x4468

"P2", part 1 of 3:                            0x64
  CodeRelocateRam               0x1fff0410    0x4c  <Block>
    CodeRelocateRam-1           0x1fff0410    0x4c  <Init block>
      .textrw          inited   0x1fff0410    0x4c  HW_MCG.o [1]
  .data                         0x1fff045c    0x18  <Block>
    .data-1                     0x1fff045c    0x16  <Init block>
      .data            inited   0x1fff045c     0x4  HW_MCG.o [1]
      .data            inited   0x1fff0460     0x4  HW_MCG.o [1]
      .data            inited   0x1fff0464     0x4  HW_MCG.o [1]
      .data            inited   0x1fff0468     0x4  HW_MCG.o [1]
      .data            inited   0x1fff046c     0x4  system_MK60.o [1]
      .data            inited   0x1fff0470     0x1  camera.o [1]
      .data            inited   0x1fff0471     0x1  camera.o [1]
                              - 0x1fff0474    0x64

"P2", part 2 of 3:                          0xaadc
  .bss                          0x1fff0474  0xaadc  <Block>
    .bss               zero     0x1fff0474    0x14  C_cong.o [1]
    .bss               zero     0x1fff0488    0x14  C_cong.o [1]
    .bss               zero     0x1fff049c  0x5460  camera.o [1]
    .bss               zero     0x1fff58fc  0x5460  camera.o [1]
    .bss               zero     0x1fffad5c     0x4  camera.o [1]
    .bss               zero     0x1fffad60    0x14  camera.o [1]
    .bss               zero     0x1fffad74    0x14  camera.o [1]
    .bss               zero     0x1fffad88    0x14  camera.o [1]
    .bss               zero     0x1fffad9c    0x14  camera.o [1]
    .bss               zero     0x1fffadb0    0x2c  camera.o [1]
    .bss               zero     0x1fffaddc    0x1c  camera.o [1]
    .bss               zero     0x1fffadf8    0x1c  camera.o [1]
    .bss               zero     0x1fffae14     0x4  camera.o [1]
    .bss               zero     0x1fffae18     0x8  HW_ADC.o [1]
    .bss               zero     0x1fffae20    0x40  HW_DMA.o [1]
    .bss               zero     0x1fffae60     0xc  HW_FTM.o [1]
    .bss               zero     0x1fffae6c    0x14  HW_GPIO.o [1]
    .bss               zero     0x1fffae80    0x10  HW_PIT.o [1]
    .bss               zero     0x1fffae90    0x18  HW_UART.o [1]
    .bss               zero     0x1fffaea8    0x18  HW_UART.o [1]
    .bss               zero     0x1fffaec0     0x4  HW_UART.o [1]
    .bss               zero     0x1fffaec4    0x14  obstacle.o [1]
    .bss               zero     0x1fffaed8    0x14  obstacle.o [1]
    .bss               zero     0x1fffaeec    0x14  obstacle.o [1]
    .bss               zero     0x1fffaf00    0x14  obstacle.o [1]
    .bss               zero     0x1fffaf14    0x14  oled.o [1]
    .bss               zero     0x1fffaf28    0x14  timer.o [1]
    .bss               zero     0x1fffaf3c     0x4  timer.o [1]
    .bss               zero     0x1fffaf40     0x2  timer.o [1]
    .bss               zero     0x1fffaf42     0x2  timer.o [1]
    .bss               zero     0x1fffaf44     0x1  camera.o [1]
    .bss               zero     0x1fffaf45     0x1  camera.o [1]
    .bss               zero     0x1fffaf46     0x1  camera.o [1]
    .bss               zero     0x1fffaf47     0x1  camera.o [1]
    .bss               zero     0x1fffaf48     0x1  camera.o [1]
    .bss               zero     0x1fffaf49     0x1  camera.o [1]
    .bss               zero     0x1fffaf4a     0x1  camera.o [1]
    .bss               zero     0x1fffaf4b     0x1  camera.o [1]
    .bss               zero     0x1fffaf4c     0x1  timer.o [1]
                              - 0x1fffaf50  0xaadc

"P2", part 3 of 3:                          0x1000
  CSTACK                        0x1fffaf50  0x1000  <Block>
    CSTACK             uninit   0x1fffaf50  0x1000  <Block tail>
                              - 0x1fffbf50  0x1000


*******************************************************************************
*** INIT TABLE
***

          Address     Size
          -------     ----
Zero (__iar_zero_init3)
    1 destination range, total size 0xaad9:
          0x1fff0474  0xaad9



*******************************************************************************
*** MODULE SUMMARY
***

    Module                 ro code  rw code  ro data  rw data
    ------                 -------  -------  -------  -------
G:\study\car\program\lib_and_example\LPLD_OSKinetis_V3\project\C_cong0820\iar\FLASH\Obj: [1]
    C_cong.o                   296                40       40
    HW_ADC.o                    28                          8
    HW_DMA.o                 1 156                76       64
    HW_FTM.o                    36                         12
    HW_GPIO.o                  516                80       20
    HW_MCG.o                   408       76       92       16
    HW_NVIC.o                  452                80
    HW_PIT.o                   372                76       16
    HW_UART.o                2 004                         52
    assert.o                    20                48
    camera.o                 1 864                 2   43 398
    io.o                        20
    obstacle.o                 224                         80
    oled.o                   2 036               552       20
    printf.o                 1 252
    relocate.o                 160
    startup_K60DZ10.o        1 044
    stdlib.o                    28
    system_MK60.o            1 556             1 216        4
    timer.o                    600                         29
    ---------------------------------------------------------
    Total:                  14 072       76    2 262   43 759

command line: [2]
    ---------------------------------------------------------
    Total:

dl7M_tln.a: [3]
    exit.o                       4
    low_level_init.o             4
    ---------------------------------------------------------
    Total:                       8

m7M_tl.a: [4]
    DblDiv.o                   598
    DblMul.o                   418
    DblToFlt.o                 144
    FltAdd.o                   116
    FltCmpLe.o                  36
    FltMul.o                   216
    FltSub.o                   230
    FltToS32.o                  68
    I32ToDbl.o                  44
    I32ToFlt.o                  46
    ---------------------------------------------------------
    Total:                   1 916

rt7M_tl.a: [5]
    ABImemcpy_unaligned.o       86
    cexit.o                     10
    cmain.o                     26
    cstartup_M.o                12
    data_init.o                 40
    zero_init3.o                64
    ---------------------------------------------------------
    Total:                     238

shb_l.a: [6]
    exit.o                      20
    ---------------------------------------------------------
    Total:                      20

    Gaps                        14
    Linker created               8                18    4 096
-------------------------------------------------------------
    Grand Total:            16 276       76    2 280   47 855


*******************************************************************************
*** ENTRY LIST
***

Entry                      Address    Size  Type      Object
-----                      -------    ----  ----      ------
.bss$$Base              0x1fff0474           --   Gb  - Linker created -
.bss$$Limit             0x1fffaf50           --   Gb  - Linker created -
.data$$Base             0x1fff045c           --   Gb  - Linker created -
.data$$Limit            0x1fff0474           --   Gb  - Linker created -
.data_init$$Base        0x000046d4           --   Gb  - Linker created -
.data_init$$Limit       0x000046ec           --   Gb  - Linker created -
.iar.init_table$$Base   0x000044a0           --   Gb  - Linker created -
.iar.init_table$$Limit  0x000044b0           --   Gb  - Linker created -
?main                   0x000045a1          Code  Gb  cmain.o [5]
ADC0_IRQHandler         0x00004585     0xa  Code  Gb  HW_ADC.o [1]
ADC1_IRQHandler         0x0000458f     0xa  Code  Gb  HW_ADC.o [1]
ADC_ISR                 0x1fffae18     0x8  Data  Gb  HW_ADC.o [1]
ASSERT_FAILED_STR       0x00004354    0x30  Data  Gb  assert.o [1]
CSTACK$$Base            0x1fffaf50           --   Gb  - Linker created -
CSTACK$$Limit           0x1fffbf50           --   Gb  - Linker created -
Calculate_Middle_Point  0x000021e3   0x30c  Code  Gb  camera.o [1]
CodeRelocate$$Base      0x000041f8           --   Gb  - Linker created -
CodeRelocate$$Limit     0x00004244           --   Gb  - Linker created -
CodeRelocateRam$$Base   0x1fff0410           --   Gb  - Linker created -
CodeRelocateRam$$Limit  0x1fff045c           --   Gb  - Linker created -
DMA0_IRQHandler         0x00002873    0x16  Code  Gb  HW_DMA.o [1]
DMA10_IRQHandler        0x0000294f    0x16  Code  Gb  HW_DMA.o [1]
DMA11_IRQHandler        0x00002965    0x16  Code  Gb  HW_DMA.o [1]
DMA12_IRQHandler        0x0000297b    0x16  Code  Gb  HW_DMA.o [1]
DMA13_IRQHandler        0x00002991    0x16  Code  Gb  HW_DMA.o [1]
DMA14_IRQHandler        0x000029a7    0x16  Code  Gb  HW_DMA.o [1]
DMA15_IRQHandler        0x000029bd    0x16  Code  Gb  HW_DMA.o [1]
DMA1_IRQHandler         0x00002889    0x16  Code  Gb  HW_DMA.o [1]
DMA2_IRQHandler         0x0000289f    0x16  Code  Gb  HW_DMA.o [1]
DMA3_IRQHandler         0x000028b5    0x16  Code  Gb  HW_DMA.o [1]
DMA4_IRQHandler         0x000028cb    0x16  Code  Gb  HW_DMA.o [1]
DMA5_IRQHandler         0x000028e1    0x16  Code  Gb  HW_DMA.o [1]
DMA6_IRQHandler         0x000028f7    0x16  Code  Gb  HW_DMA.o [1]
DMA7_IRQHandler         0x0000290d    0x16  Code  Gb  HW_DMA.o [1]
DMA8_IRQHandler         0x00002923    0x16  Code  Gb  HW_DMA.o [1]
DMA9_IRQHandler         0x00002939    0x16  Code  Gb  HW_DMA.o [1]
DMA_ISR                 0x1fffae20    0x40  Data  Gb  HW_DMA.o [1]
DefaultISR              0x00003023    0x18  Code  Gb  system_MK60.o [1]
Diagnostic_Reset_Source
                        0x000032d9    0x82  Code  Lc  system_MK60.o [1]
F6x8                    0x00003bac   0x228  Data  Gb  oled.o [1]
FTM0_IRQHandler         0x0000447d     0xa  Code  Gb  HW_FTM.o [1]
FTM1_IRQHandler         0x00004487     0xa  Code  Gb  HW_FTM.o [1]
FTM2_IRQHandler         0x00004491     0xa  Code  Gb  HW_FTM.o [1]
FTM_ISR                 0x1fffae60     0xc  Data  Gb  HW_FTM.o [1]
GPIO_ISR                0x1fffae6c    0x14  Data  Gb  HW_GPIO.o [1]
HardFault_Handler       0x00003017     0xc  Code  Gb  system_MK60.o [1]
Image1                  0x1fff049c  0x5460  Data  Gb  camera.o [1]
Image2                  0x1fff58fc  0x5460  Data  Gb  camera.o [1]
LED_DLY_ms              0x00000593    0x18  Code  Gb  oled.o [1]
LED_Fill                0x00000557    0x3c  Code  Gb  oled.o [1]
LED_Init                0x000006b7    0xd8  Code  Gb  oled.o [1]
LED_P6x8Char            0x0000078f    0x3e  Code  Gb  oled.o [1]
LED_P6x8Str             0x000007cd    0x72  Code  Gb  oled.o [1]
LED_PrintValueF         0x00000959   0x2aa  Code  Gb  oled.o [1]
LED_PrintValueFP        0x0000083f   0x11a  Code  Gb  oled.o [1]
LED_Set_Pos             0x0000052f    0x28  Code  Gb  oled.o [1]
LED_WrCmd               0x000004c9    0x66  Code  Gb  oled.o [1]
LED_WrDat               0x00000461    0x66  Code  Gb  oled.o [1]
LPLD_DMA_Init           0x00002571   0x302  Code  Gb  HW_DMA.o [1]
LPLD_GPIO_EnableIrq     0x00000d69    0x4e  Code  Gb  HW_GPIO.o [1]
LPLD_GPIO_Init          0x00000c85    0xe4  Code  Gb  HW_GPIO.o [1]
LPLD_GPIO_Output_b      0x00000db7    0x18  Code  Gb  HW_GPIO.o [1]
LPLD_NVIC_Init          0x00003e79   0x104  Code  Gb  HW_NVIC.o [1]
LPLD_PIT_EnableIrq      0x00003a1f    0x26  Code  Gb  HW_PIT.o [1]
LPLD_PIT_Init           0x0000396d    0xb2  Code  Gb  HW_PIT.o [1]
LPLD_PLL_Setup          0x00003569   0x198  Code  Gb  HW_MCG.o [1]
LPLD_Set_SYS_DIV        0x1fff0411    0x4c  Code  Gb  HW_MCG.o [1]
LPLD_UART_EnableIrq     0x00001a8d    0x98  Code  Gb  HW_UART.o [1]
LPLD_UART_Init          0x0000166b   0x40a  Code  Gb  HW_UART.o [1]
LPLD_UART_PutChar       0x00001a75    0x18  Code  Gb  HW_UART.o [1]
MT9V032_CFG_init        0x0000203b    0x66  Code  Gb  camera.o [1]
NOpoint                 0x1fffaf4a     0x1  Data  Gb  camera.o [1]
NVIC_DisableIRQ         0x00003e05    0x14  Code  Lc  HW_NVIC.o [1]
NVIC_EnableIRQ          0x00003f99    0x14  Code  Lc  C_cong.o [1]
NVIC_EnableIRQ          0x00000c71    0x14  Code  Lc  HW_GPIO.o [1]
NVIC_EnableIRQ          0x00003df1    0x14  Code  Lc  HW_NVIC.o [1]
NVIC_EnableIRQ          0x00003959    0x14  Code  Lc  HW_PIT.o [1]
NVIC_EnableIRQ          0x00001655    0x16  Code  Lc  HW_UART.o [1]
NVIC_EncodePriority     0x00003e3b    0x3e  Code  Lc  HW_NVIC.o [1]
NVIC_SetPriority        0x00003e19    0x22  Code  Lc  HW_NVIC.o [1]
NVIC_SetPriorityGrouping
                        0x00003dd5    0x1c  Code  Lc  HW_NVIC.o [1]
PIT0_IRQHandler         0x00003a45    0x16  Code  Gb  HW_PIT.o [1]
PIT1_IRQHandler         0x00003a5b    0x16  Code  Gb  HW_PIT.o [1]
PIT2_IRQHandler         0x00003a71    0x16  Code  Gb  HW_PIT.o [1]
PIT3_IRQHandler         0x00003a87    0x16  Code  Gb  HW_PIT.o [1]
PIT_ISR                 0x1fffae80    0x10  Data  Gb  HW_PIT.o [1]
PORTA_IRQHandler        0x00000dcf    0x12  Code  Gb  HW_GPIO.o [1]
PORTB_IRQHandler        0x00000de1    0x12  Code  Gb  HW_GPIO.o [1]
PORTC_IRQHandler        0x00000df3    0x12  Code  Gb  HW_GPIO.o [1]
PORTD_IRQHandler        0x00000e05    0x12  Code  Gb  HW_GPIO.o [1]
PORTE_IRQHandler        0x00000e17    0x12  Code  Gb  HW_GPIO.o [1]
Region$$Table$$Base     0x000044a0           --   Gb  - Linker created -
Region$$Table$$Limit    0x000044b0           --   Gb  - Linker created -
SetAddressingMode       0x000005ab    0x14  Code  Gb  oled.o [1]
SetContrastControl      0x000005cd    0x14  Code  Gb  oled.o [1]
SetStartLine            0x000005bf     0xe  Code  Gb  oled.o [1]
Set_Charge_Pump         0x000005e1    0x16  Code  Gb  oled.o [1]
Set_Common_Config       0x0000068d    0x16  Code  Gb  oled.o [1]
Set_Common_Remap        0x00000643     0xe  Code  Gb  oled.o [1]
Set_Display_Clock       0x00000665    0x14  Code  Gb  oled.o [1]
Set_Display_Offset      0x00000651    0x14  Code  Gb  oled.o [1]
Set_Display_On_Off      0x00000635     0xe  Code  Gb  oled.o [1]
Set_Entire_Display      0x00000605     0xe  Code  Gb  oled.o [1]
Set_Inverse_Display     0x00000613     0xe  Code  Gb  oled.o [1]
Set_Multiplex_Ratio     0x00000621    0x14  Code  Gb  oled.o [1]
Set_Precharge_Period    0x00000679    0x14  Code  Gb  oled.o [1]
Set_Segment_Remap       0x000005f7     0xe  Code  Gb  oled.o [1]
Set_VCOMH               0x000006a3    0x14  Code  Gb  oled.o [1]
SystemCoreClock         0x1fff046c     0x4  Data  Gb  system_MK60.o [1]
SystemCoreClockUpdate   0x00002fe9    0x2e  Code  Gb  system_MK60.o [1]
SystemInit              0x00002ead   0x13c  Code  Gb  system_MK60.o [1]
UART0_ERR_IRQHandler    0x00001e1d     0x2  Code  Gb  HW_UART.o [1]
UART0_IRQHandler        0x00001b25    0x58  Code  Gb  HW_UART.o [1]
UART1_ERR_IRQHandler    0x00001e1f     0x2  Code  Gb  HW_UART.o [1]
UART1_IRQHandler        0x00001b7d    0x58  Code  Gb  HW_UART.o [1]
UART2_ERR_IRQHandler    0x00001e21     0x2  Code  Gb  HW_UART.o [1]
UART2_IRQHandler        0x00001bd5    0x58  Code  Gb  HW_UART.o [1]
UART3_ERR_IRQHandler    0x00001e23     0x2  Code  Gb  HW_UART.o [1]
UART3_IRQHandler        0x00001c2d    0x58  Code  Gb  HW_UART.o [1]
UART4_ERR_IRQHandler    0x00001e25     0x2  Code  Gb  HW_UART.o [1]
UART4_IRQHandler        0x00001c85    0x58  Code  Gb  HW_UART.o [1]
UART5_ERR_IRQHandler    0x00001e27     0x2  Code  Gb  HW_UART.o [1]
UART5_IRQHandler        0x00001cdd    0x58  Code  Gb  HW_UART.o [1]
UART_R_ISR              0x1fffae90    0x18  Data  Gb  HW_UART.o [1]
UART_T_ISR              0x1fffaea8    0x18  Data  Gb  HW_UART.o [1]
WhichBuffer             0x1fff0470     0x1  Data  Gb  camera.o [1]
__BOOT_STACK_ADDRESS {Abs}
                        0x2000fff8           --   Gb  command line/config [2]
__VECTOR_RAM {Abs}      0x1fff0000           --   Gb  command line/config [2]
__VECTOR_TABLE {Abs}    0x00000000           --   Gb  command line/config [2]
__Vectors               0x00000000           --   Gb  startup_K60DZ10.o [1]
__Vectors_End           0x00000400          Data  Gb  startup_K60DZ10.o [1]
__Vectors_Size {Abs}    0x00000400           --   Gb  startup_K60DZ10.o [1]
__aeabi_cfcmple         0x000010a9          Code  Gb  FltCmpLe.o [4]
__aeabi_d2f             0x00002e1d          Code  Gb  DblToFlt.o [4]
__aeabi_ddiv            0x00002bc5          Code  Gb  DblDiv.o [4]
__aeabi_dmul            0x00002a21          Code  Gb  DblMul.o [4]
__aeabi_f2iz            0x00000e75          Code  Gb  FltToS32.o [4]
__aeabi_fmul            0x00000fd1          Code  Gb  FltMul.o [4]
__aeabi_fsub            0x00000ee9          Code  Gb  FltSub.o [4]
__aeabi_i2d             0x000029f5          Code  Gb  I32ToDbl.o [4]
__aeabi_i2f             0x00000eb9          Code  Gb  I32ToFlt.o [4]
__cmain                 0x000045a1          Code  Gb  cmain.o [5]
__exit                  0x000045d1    0x14  Code  Gb  exit.o [6]
__iar_data_init3        0x0000440d    0x28  Code  Gb  data_init.o [5]
__iar_fadd              0x000010e1          Code  Gb  FltAdd.o [4]
__iar_fsub              0x00000ef9          Code  Gb  FltSub.o [4]
__iar_fsubStart         0x00000f09          Code  Gb  FltSub.o [4]
__iar_program_start     0x000047d9          Code  Gb  cstartup_M.o [5]
__iar_ui2d              0x00002a09          Code  Gb  I32ToDbl.o [4]
__iar_ui2f              0x00000ecd          Code  Gb  I32ToFlt.o [4]
__iar_unaligned___aeabi_memcpy4
                        0x00000c19          Code  Gb  ABImemcpy_unaligned.o [5]
__iar_unaligned___aeabi_memcpy8
                        0x00000c19          Code  Gb  ABImemcpy_unaligned.o [5]
__iar_zero_init3        0x00004315    0x40  Code  Gb  zero_init3.o [5]
__low_level_init        0x000045bb     0x4  Code  Gb  low_level_init.o [3]
__vector_table          0x00000000          Data  Gb  startup_K60DZ10.o [1]
__vector_table_0x1c     0x0000001c          Data  Gb  startup_K60DZ10.o [1]
_call_main              0x000045ad          Code  Gb  cmain.o [5]
_exit                   0x000045c5          Code  Gb  cexit.o [5]
_main                   0x000045b7          Code  Gb  cmain.o [5]
assert_failed           0x000010cd    0x14  Code  Gb  assert.o [1]
camera_init             0x00001e29   0x212  Code  Gb  camera.o [1]
common_relocate         0x000034c1    0xa0  Code  Gb  relocate.o [1]
cpu_identify            0x00003041   0x1f2  Code  Lc  system_MK60.o [1]
end_flag                0x1fffaf44     0x1  Data  Gb  camera.o [1]
errleft                 0x1fffaf40     0x2  Data  Gb  timer.o [1]
errright                0x1fffaf42     0x2  Data  Gb  timer.o [1]
exit                    0x000045bf     0x4  Code  Gb  exit.o [3]
flash_identify          0x00003233    0xa6  Code  Lc  system_MK60.o [1]
g_bus_clock             0x1fff0460     0x4  Data  Gb  HW_MCG.o [1]
g_core_clock            0x1fff045c     0x4  Data  Gb  HW_MCG.o [1]
g_flash_clock           0x1fff0464     0x4  Data  Gb  HW_MCG.o [1]
g_flexbus_clock         0x1fff0468     0x4  Data  Gb  HW_MCG.o [1]
joke                    0x1fffaec0     0x4  Data  Lc  HW_UART.o [1]
led_gpio_int            0x00000425    0x3c  Code  Gb  oled.o [1]
lock                    0x1fffaf47     0x1  Data  Gb  camera.o [1]
main                    0x00004005    0x8c  Code  Gb  C_cong.o [1]
my_delay                0x000020a1     0xa  Code  Gb  camera.o [1]
nvic_init               0x00003fad    0x58  Code  Gb  C_cong.o [1]
ob_gpio_init            0x00003acd    0xcc  Code  Gb  obstacle.o [1]
obinterrupt0_struct     0x1fffaec4    0x14  Data  Gb  obstacle.o [1]
obinterrupt1_struct     0x1fffaed8    0x14  Data  Gb  obstacle.o [1]
obinterrupt2_struct     0x1fffaeec    0x14  Data  Gb  obstacle.o [1]
obinterrupt3_struct     0x1fffaf00    0x14  Data  Gb  obstacle.o [1]
out_char                0x00004765     0xe  Code  Gb  io.o [1]
pit0_isr                0x0000373d   0x1ec  Code  Gb  timer.o [1]
pit_init                0x00003701    0x3c  Code  Gb  timer.o [1]
porte_isr               0x000020ad   0x136  Code  Gb  camera.o [1]
printf                  0x00001615    0x1e  Code  Gb  printf.o [1]
printk                  0x0000122d   0x3e8  Code  Gb  printf.o [1]
printk_mknumstr         0x00001181    0x70  Code  Lc  printf.o [1]
printk_pad_space        0x0000120f    0x1e  Code  Lc  printf.o [1]
printk_pad_zero         0x000011f1    0x1e  Code  Lc  printf.o [1]
printk_putc             0x00001155    0x2c  Code  Lc  printf.o [1]
proportion_lightpoint   0x1fffae14     0x4  Data  Gb  camera.o [1]
real_pointx             0x1fffaf48     0x1  Data  Gb  camera.o [1]
real_pointy             0x1fffaf49     0x1  Data  Gb  camera.o [1]
row                     0x1fffaf46     0x1  Data  Gb  camera.o [1]
rowAdr                  0x1fffaf4b     0x1  Data  Gb  camera.o [1]
setvalue                0x1fff0471     0x1  Data  Gb  camera.o [1]
start_flag              0x1fffaf45     0x1  Data  Gb  camera.o [1]
strlen                  0x00001639    0x1c  Code  Gb  stdlib.o [1]
testsum_average         0x1fffad5c     0x4  Data  Gb  camera.o [1]


[1] = G:\study\car\program\lib_and_example\LPLD_OSKinetis_V3\project\C_cong0820\iar\FLASH\Obj
[2] = command line
[3] = dl7M_tln.a
[4] = m7M_tl.a
[5] = rt7M_tl.a
[6] = shb_l.a

  16 276 bytes of readonly  code memory
      76 bytes of readwrite code memory
   2 280 bytes of readonly  data memory
  47 855 bytes of readwrite data memory

Errors: none
Warnings: none
