###############################################################################
#
# IAR ELF Linker V7.50.1.10123/W32 for ARM                21/Aug/2017  09:52:58
# Copyright 2007-2015 IAR Systems AB.
#
#    Output file  =  
#        G:\study\car\program\lib_and_example\LPLD_OSKinetis_V3\project\Car_C_sub_2017_7_15\iar\FLASH\Exe\Car_C_sub7_15_K60DZ10.out
#    Map file     =  
#        G:\study\car\program\lib_and_example\LPLD_OSKinetis_V3\project\Car_C_sub_2017_7_15\iar\FLASH\List\Car_C_sub7_15_K60DZ10.map
#    Command line =  
#        G:\study\car\program\lib_and_example\LPLD_OSKinetis_V3\project\Car_C_sub_2017_7_15\iar\FLASH\Obj\alloc.o
#        G:\study\car\program\lib_and_example\LPLD_OSKinetis_V3\project\Car_C_sub_2017_7_15\iar\FLASH\Obj\assert.o
#        G:\study\car\program\lib_and_example\LPLD_OSKinetis_V3\project\Car_C_sub_2017_7_15\iar\FLASH\Obj\C_cong.o
#        G:\study\car\program\lib_and_example\LPLD_OSKinetis_V3\project\Car_C_sub_2017_7_15\iar\FLASH\Obj\camera.o
#        G:\study\car\program\lib_and_example\LPLD_OSKinetis_V3\project\Car_C_sub_2017_7_15\iar\FLASH\Obj\HW_ADC.o
#        G:\study\car\program\lib_and_example\LPLD_OSKinetis_V3\project\Car_C_sub_2017_7_15\iar\FLASH\Obj\HW_DMA.o
#        G:\study\car\program\lib_and_example\LPLD_OSKinetis_V3\project\Car_C_sub_2017_7_15\iar\FLASH\Obj\HW_FTM.o
#        G:\study\car\program\lib_and_example\LPLD_OSKinetis_V3\project\Car_C_sub_2017_7_15\iar\FLASH\Obj\HW_GPIO.o
#        G:\study\car\program\lib_and_example\LPLD_OSKinetis_V3\project\Car_C_sub_2017_7_15\iar\FLASH\Obj\HW_MCG.o
#        G:\study\car\program\lib_and_example\LPLD_OSKinetis_V3\project\Car_C_sub_2017_7_15\iar\FLASH\Obj\HW_NVIC.o
#        G:\study\car\program\lib_and_example\LPLD_OSKinetis_V3\project\Car_C_sub_2017_7_15\iar\FLASH\Obj\HW_PIT.o
#        G:\study\car\program\lib_and_example\LPLD_OSKinetis_V3\project\Car_C_sub_2017_7_15\iar\FLASH\Obj\HW_UART.o
#        G:\study\car\program\lib_and_example\LPLD_OSKinetis_V3\project\Car_C_sub_2017_7_15\iar\FLASH\Obj\io.o
#        G:\study\car\program\lib_and_example\LPLD_OSKinetis_V3\project\Car_C_sub_2017_7_15\iar\FLASH\Obj\obstacle.o
#        G:\study\car\program\lib_and_example\LPLD_OSKinetis_V3\project\Car_C_sub_2017_7_15\iar\FLASH\Obj\oled.o
#        G:\study\car\program\lib_and_example\LPLD_OSKinetis_V3\project\Car_C_sub_2017_7_15\iar\FLASH\Obj\printf.o
#        G:\study\car\program\lib_and_example\LPLD_OSKinetis_V3\project\Car_C_sub_2017_7_15\iar\FLASH\Obj\queue.o
#        G:\study\car\program\lib_and_example\LPLD_OSKinetis_V3\project\Car_C_sub_2017_7_15\iar\FLASH\Obj\relocate.o
#        G:\study\car\program\lib_and_example\LPLD_OSKinetis_V3\project\Car_C_sub_2017_7_15\iar\FLASH\Obj\startup_K60DZ10.o
#        G:\study\car\program\lib_and_example\LPLD_OSKinetis_V3\project\Car_C_sub_2017_7_15\iar\FLASH\Obj\stdlib.o
#        G:\study\car\program\lib_and_example\LPLD_OSKinetis_V3\project\Car_C_sub_2017_7_15\iar\FLASH\Obj\system_MK60.o
#        G:\study\car\program\lib_and_example\LPLD_OSKinetis_V3\project\Car_C_sub_2017_7_15\iar\FLASH\Obj\timer.o
#        G:\study\car\program\lib_and_example\LPLD_OSKinetis_V3\project\Car_C_sub_2017_7_15\iar\FLASH\Obj\uif.o
#        --redirect _Printf=_PrintfFull --redirect _Scanf=_ScanfFull -o
#        G:\study\car\program\lib_and_example\LPLD_OSKinetis_V3\project\Car_C_sub_2017_7_15\iar\FLASH\Exe\Car_C_sub7_15_K60DZ10.out
#        --map
#        G:\study\car\program\lib_and_example\LPLD_OSKinetis_V3\project\Car_C_sub_2017_7_15\iar\FLASH\List\Car_C_sub7_15_K60DZ10.map
#        --config
#        G:\study\car\program\lib_and_example\LPLD_OSKinetis_V3\project\Car_C_sub_2017_7_15\iar\..\..\..\lib\iar_config_files\LPLD_K60DN512_FLASH.icf
#        --semihosting --entry __iar_program_start "E:\IAR Systems\Embedded
#        Workbench 7.3\arm\CMSIS\Lib\IAR\iar_cortexM4l_math.a"
#        --merge_duplicate_sections --vfe
#
###############################################################################

*******************************************************************************
*** RUNTIME MODEL ATTRIBUTES
***

CppFlavor       = *
__SystemLibrary = DLib


*******************************************************************************
*** PLACEMENT SUMMARY
***

"A1":  place at 0x00000000 { ro section .intvec };
"A2":  place at 0x00000410 { ro section .noinit };
"P1":  place in [from 0x00000000 to 0x00080000] { ro, block CodeRelocate };
"P2":  place in [from 0x1fff0410 to 0x20010000] {
          rw, block CodeRelocateRam, block CSTACK, block HEAP };

  Section              Kind        Address     Size  Object
  -------              ----        -------     ----  ------
"A1":                                         0x400
  .intvec              ro code  0x00000000    0x400  startup_K60DZ10.o [1]
                              - 0x00000400    0x400

"P1", part 1 of 2:                              0x0
  .rodata              const    0x00000400      0x0  zero_init3.o [5]

"A2":                                          0x14
  .noinit              ro code  0x00000410     0x10  startup_K60DZ10.o [1]
  .noinit              ro code  0x00000420      0x4  startup_K60DZ10.o [1]
                              - 0x00000424     0x14

"P1", part 2 of 2:                           0x3c84
  .text                ro code  0x00000424    0x7d4  HW_UART.o [1]
  .text                ro code  0x00000bf8    0x718  camera.o [1]
  .text                ro code  0x00001310     0x56  ABImemcpy_unaligned.o [5]
  .text                ro code  0x00001368    0x204  HW_GPIO.o [1]
  .text                ro code  0x0000156c    0x484  HW_DMA.o [1]
  .text                ro code  0x000019f0     0x84  FltAdd.o [4]
  .text                ro code  0x00001a74     0x2e  I32ToFlt.o [4]
  .text                ro code  0x00001aa4     0xfc  FltDiv.o [4]
  .text                ro code  0x00001ba0     0x24  FltCmpLe.o [4]
  .text                ro code  0x00001bc4     0x14  assert.o [1]
  .text                ro code  0x00001bd8     0xd6  FltSub.o [4]
  .text                ro code  0x00001cb0    0x4e4  printf.o [1]
  .text                ro code  0x00002194     0x1c  stdlib.o [1]
  .text                ro code  0x000021b0    0x614  system_MK60.o [1]
  .text                ro code  0x000027c4     0xa0  relocate.o [1]
  Veneer               ro code  0x00002864      0x8  - Linker created -
  .text                ro code  0x0000286c    0x198  HW_MCG.o [1]
  .text                ro code  0x00002a04    0x540  oled.o [1]
  .text                ro code  0x00002f44    0x25c  timer.o [1]
  .text                ro code  0x000031a0    0x174  HW_PIT.o [1]
  .text                ro code  0x00003314     0xe0  obstacle.o [1]
  .rodata              const    0x000033f4    0x228  oled.o [1]
  .text                ro code  0x0000361c    0x1c4  HW_NVIC.o [1]
  .text                ro code  0x000037e0    0x104  C_cong.o [1]
  .rodata              const    0x000038e4     0x50  HW_GPIO.o [1]
  .rodata              const    0x00003934     0x50  HW_NVIC.o [1]
  .rodata              const    0x00003984     0x4c  HW_DMA.o [1]
  .rodata              const    0x000039d0     0x4c  HW_PIT.o [1]
  CodeRelocate                  0x00003a1c     0x4c  <Block>
    Initializer bytes  const    0x00003a1c     0x4c  <for CodeRelocateRam-1>
  .rodata              const    0x00003a68     0x48  system_MK60.o [1]
  .rodata              const    0x00003ab0     0x44  system_MK60.o [1]
  .rodata              const    0x00003af4     0x44  system_MK60.o [1]
  .text                ro code  0x00003b38     0x40  zero_init3.o [5]
  .rodata              const    0x00003b78     0x30  assert.o [1]
  .rodata              const    0x00003ba8     0x30  system_MK60.o [1]
  .rodata              const    0x00003bd8     0x30  system_MK60.o [1]
  .rodata              const    0x00003c08     0x28  system_MK60.o [1]
  .text                ro code  0x00003c30     0x28  data_init.o [5]
  .rodata              const    0x00003c58     0x24  system_MK60.o [1]
  .rodata              const    0x00003c7c     0x24  system_MK60.o [1]
  .text                ro code  0x00003ca0     0x24  HW_FTM.o [1]
  .iar.init_table      const    0x00003cc4     0x10  - Linker created -
  .rodata              const    0x00003cd4     0x20  system_MK60.o [1]
  .rodata              const    0x00003cf4     0x20  system_MK60.o [1]
  .rodata              const    0x00003d14     0x20  system_MK60.o [1]
  .rodata              const    0x00003d34     0x20  system_MK60.o [1]
  .rodata              const    0x00003d54     0x1c  system_MK60.o [1]
  .rodata              const    0x00003d70     0x1c  system_MK60.o [1]
  .rodata              const    0x00003d8c     0x1c  system_MK60.o [1]
  .text                ro code  0x00003da8     0x1c  HW_ADC.o [1]
  .text                ro code  0x00003dc4     0x1a  cmain.o [5]
  .text                ro code  0x00003dde      0x4  low_level_init.o [3]
  .text                ro code  0x00003de2      0x4  exit.o [3]
  .text                ro code  0x00003de8      0xa  cexit.o [5]
  .text                ro code  0x00003df4     0x14  exit.o [6]
  .rodata              const    0x00003e08     0x18  system_MK60.o [1]
  .rodata              const    0x00003e20     0x18  system_MK60.o [1]
  .rodata              const    0x00003e38     0x18  system_MK60.o [1]
  .rodata              const    0x00003e50     0x18  system_MK60.o [1]
  .rodata              const    0x00003e68     0x18  system_MK60.o [1]
  .rodata              const    0x00003e80     0x18  system_MK60.o [1]
  .rodata              const    0x00003e98     0x18  system_MK60.o [1]
  .rodata              const    0x00003eb0     0x18  system_MK60.o [1]
  .rodata              const    0x00003ec8     0x18  system_MK60.o [1]
  .rodata              const    0x00003ee0     0x18  system_MK60.o [1]
  .data_init                    0x00003ef8     0x18  <Block>
    Initializer bytes  const    0x00003ef8     0x18  <for .data-1>
  .rodata              const    0x00003f10     0x14  system_MK60.o [1]
  .rodata              const    0x00003f24     0x14  system_MK60.o [1]
  .rodata              const    0x00003f38     0x14  system_MK60.o [1]
  .rodata              const    0x00003f4c     0x14  system_MK60.o [1]
  .rodata              const    0x00003f60     0x14  system_MK60.o [1]
  .rodata              const    0x00003f74     0x14  system_MK60.o [1]
  .text                ro code  0x00003f88     0x14  io.o [1]
  .rodata              const    0x00003f9c     0x10  system_MK60.o [1]
  .rodata              const    0x00003fac     0x10  system_MK60.o [1]
  .rodata              const    0x00003fbc     0x10  system_MK60.o [1]
  .rodata              const    0x00003fcc      0xc  C_cong.o [1]
  .rodata              const    0x00003fd8      0xc  C_cong.o [1]
  .rodata              const    0x00003fe4      0xc  system_MK60.o [1]
  .rodata              const    0x00003ff0      0xc  system_MK60.o [1]
  .text                ro code  0x00003ffc      0xc  cstartup_M.o [5]
  .rodata              const    0x00004008      0x8  C_cong.o [1]
  .rodata              const    0x00004010      0x8  system_MK60.o [1]
  .rodata              const    0x00004018      0x8  system_MK60.o [1]
  .rodata              const    0x00004020      0x8  system_MK60.o [1]
  .rodata              const    0x00004028      0x8  system_MK60.o [1]
  .rodata              const    0x00004030      0x8  system_MK60.o [1]
  .rodata              const    0x00004038      0x8  system_MK60.o [1]
  .rodata              const    0x00004040      0x8  system_MK60.o [1]
  .rodata              const    0x00004048      0x8  system_MK60.o [1]
  .rodata              const    0x00004050      0x8  system_MK60.o [1]
  .rodata              const    0x00004058      0x8  system_MK60.o [1]
  .rodata              const    0x00004060      0x8  system_MK60.o [1]
  .rodata              const    0x00004068      0x8  system_MK60.o [1]
  .rodata              const    0x00004070      0x8  system_MK60.o [1]
  .rodata              const    0x00004078      0x8  system_MK60.o [1]
  .rodata              const    0x00004080      0x8  system_MK60.o [1]
  .rodata              const    0x00004088      0x8  system_MK60.o [1]
  .rodata              const    0x00004090      0x8  system_MK60.o [1]
  .rodata              const    0x00004098      0x8  system_MK60.o [1]
  .rodata              const    0x000040a0      0x8  system_MK60.o [1]
                              - 0x000040a8   0x3c84

"P2", part 1 of 3:                             0x64
  CodeRelocateRam               0x1fff0410     0x4c  <Block>
    CodeRelocateRam-1           0x1fff0410     0x4c  <Init block>
      .textrw          inited   0x1fff0410     0x4c  HW_MCG.o [1]
  .data                         0x1fff045c     0x18  <Block>
    .data-1                     0x1fff045c     0x16  <Init block>
      .data            inited   0x1fff045c      0x4  HW_MCG.o [1]
      .data            inited   0x1fff0460      0x4  HW_MCG.o [1]
      .data            inited   0x1fff0464      0x4  HW_MCG.o [1]
      .data            inited   0x1fff0468      0x4  HW_MCG.o [1]
      .data            inited   0x1fff046c      0x4  system_MK60.o [1]
      .data            inited   0x1fff0470      0x1  camera.o [1]
      .data            inited   0x1fff0471      0x1  camera.o [1]
                              - 0x1fff0474     0x64

"P2", part 2 of 3:                          0x153b0
  .bss                          0x1fff0474  0x153b0  <Block>
    .bss               zero     0x1fff0474     0x14  C_cong.o [1]
    .bss               zero     0x1fff0488     0x14  C_cong.o [1]
    .bss               zero     0x1fff049c   0xa8c0  camera.o [1]
    .bss               zero     0x1fffad5c   0xa8c0  camera.o [1]
    .bss               zero     0x2000561c      0x4  camera.o [1]
    .bss               zero     0x20005620     0x14  camera.o [1]
    .bss               zero     0x20005634      0x4  camera.o [1]
    .bss               zero     0x20005638     0x14  camera.o [1]
    .bss               zero     0x2000564c     0x14  camera.o [1]
    .bss               zero     0x20005660     0x14  camera.o [1]
    .bss               zero     0x20005674     0x14  camera.o [1]
    .bss               zero     0x20005688     0x2c  camera.o [1]
    .bss               zero     0x200056b4     0x1c  camera.o [1]
    .bss               zero     0x200056d0     0x1c  camera.o [1]
    .bss               zero     0x200056ec      0x8  HW_ADC.o [1]
    .bss               zero     0x200056f4     0x40  HW_DMA.o [1]
    .bss               zero     0x20005734      0xc  HW_FTM.o [1]
    .bss               zero     0x20005740     0x14  HW_GPIO.o [1]
    .bss               zero     0x20005754     0x10  HW_PIT.o [1]
    .bss               zero     0x20005764     0x18  HW_UART.o [1]
    .bss               zero     0x2000577c     0x18  HW_UART.o [1]
    .bss               zero     0x20005794      0x4  HW_UART.o [1]
    .bss               zero     0x20005798     0x14  obstacle.o [1]
    .bss               zero     0x200057ac     0x14  obstacle.o [1]
    .bss               zero     0x200057c0     0x14  obstacle.o [1]
    .bss               zero     0x200057d4     0x14  obstacle.o [1]
    .bss               zero     0x200057e8     0x14  oled.o [1]
    .bss               zero     0x200057fc     0x14  timer.o [1]
    .bss               zero     0x20005810      0x4  timer.o [1]
    .bss               zero     0x20005814      0x2  timer.o [1]
    .bss               zero     0x20005816      0x2  timer.o [1]
    .bss               zero     0x20005818      0x1  camera.o [1]
    .bss               zero     0x20005819      0x1  camera.o [1]
    .bss               zero     0x2000581a      0x1  camera.o [1]
    .bss               zero     0x2000581b      0x1  camera.o [1]
    .bss               zero     0x2000581c      0x1  camera.o [1]
    .bss               zero     0x2000581d      0x1  camera.o [1]
    .bss               zero     0x2000581e      0x1  camera.o [1]
    .bss               zero     0x2000581f      0x1  camera.o [1]
    .bss               zero     0x20005820      0x1  timer.o [1]
                              - 0x20005824  0x153b0

"P2", part 3 of 3:                           0x1000
  CSTACK                        0x20005828   0x1000  <Block>
    CSTACK             uninit   0x20005828   0x1000  <Block tail>
                              - 0x20006828   0x1000


*******************************************************************************
*** INIT TABLE
***

          Address     Size
          -------     ----
Zero (__iar_zero_init3)
    1 destination range, total size 0x153ad:
          0x1fff0474  0x153ad



*******************************************************************************
*** MODULE SUMMARY
***

    Module                 ro code  rw code  ro data  rw data
    ------                 -------  -------  -------  -------
G:\study\car\program\lib_and_example\LPLD_OSKinetis_V3\project\Car_C_sub_2017_7_15\iar\FLASH\Obj: [1]
    C_cong.o                   260                32       40
    HW_ADC.o                    28                          8
    HW_DMA.o                 1 156                76       64
    HW_FTM.o                    36                         12
    HW_GPIO.o                  516                80       20
    HW_MCG.o                   408       76       92       16
    HW_NVIC.o                  452                80
    HW_PIT.o                   372                76       16
    HW_UART.o                2 004                         52
    assert.o                    20                48
    camera.o                 1 816                 2   86 618
    io.o                        20
    obstacle.o                 224                         80
    oled.o                   1 344               552       20
    printf.o                 1 252
    relocate.o                 160
    startup_K60DZ10.o        1 044
    stdlib.o                    28
    system_MK60.o            1 556             1 216        4
    timer.o                    604                         29
    ---------------------------------------------------------
    Total:                  13 300       76    2 254   86 979

command line: [2]
    ---------------------------------------------------------
    Total:

dl7M_tln.a: [3]
    exit.o                       4
    low_level_init.o             4
    ---------------------------------------------------------
    Total:                       8

m7M_tl.a: [4]
    FltAdd.o                   132
    FltCmpLe.o                  36
    FltDiv.o                   252
    FltSub.o                   214
    I32ToFlt.o                  46
    ---------------------------------------------------------
    Total:                     680

rt7M_tl.a: [5]
    ABImemcpy_unaligned.o       86
    cexit.o                     10
    cmain.o                     26
    cstartup_M.o                12
    data_init.o                 40
    zero_init3.o                64
    ---------------------------------------------------------
    Total:                     238

shb_l.a: [6]
    exit.o                      20
    ---------------------------------------------------------
    Total:                      20

    Gaps                        10
    Linker created               8                18    4 096
-------------------------------------------------------------
    Grand Total:            14 264       76    2 272   91 075


*******************************************************************************
*** ENTRY LIST
***

Entry                      Address    Size  Type      Object
-----                      -------    ----  ----      ------
.bss$$Base              0x1fff0474           --   Gb  - Linker created -
.bss$$Limit             0x20005824           --   Gb  - Linker created -
.data$$Base             0x1fff045c           --   Gb  - Linker created -
.data$$Limit            0x1fff0474           --   Gb  - Linker created -
.data_init$$Base        0x00003ef8           --   Gb  - Linker created -
.data_init$$Limit       0x00003f10           --   Gb  - Linker created -
.iar.init_table$$Base   0x00003cc4           --   Gb  - Linker created -
.iar.init_table$$Limit  0x00003cd4           --   Gb  - Linker created -
?main                   0x00003dc5          Code  Gb  cmain.o [5]
ADC0_IRQHandler         0x00003da9     0xa  Code  Gb  HW_ADC.o [1]
ADC1_IRQHandler         0x00003db3     0xa  Code  Gb  HW_ADC.o [1]
ADC_ISR                 0x200056ec     0x8  Data  Gb  HW_ADC.o [1]
ASSERT_FAILED_STR       0x00003b78    0x30  Data  Gb  assert.o [1]
CSTACK$$Base            0x20005828           --   Gb  - Linker created -
CSTACK$$Limit           0x20006828           --   Gb  - Linker created -
Calculate_Middle_Point  0x00000fb3   0x2d4  Code  Gb  camera.o [1]
CodeRelocate$$Base      0x00003a1c           --   Gb  - Linker created -
CodeRelocate$$Limit     0x00003a68           --   Gb  - Linker created -
CodeRelocateRam$$Base   0x1fff0410           --   Gb  - Linker created -
CodeRelocateRam$$Limit  0x1fff045c           --   Gb  - Linker created -
DMA0_IRQHandler         0x0000186f    0x16  Code  Gb  HW_DMA.o [1]
DMA10_IRQHandler        0x0000194b    0x16  Code  Gb  HW_DMA.o [1]
DMA11_IRQHandler        0x00001961    0x16  Code  Gb  HW_DMA.o [1]
DMA12_IRQHandler        0x00001977    0x16  Code  Gb  HW_DMA.o [1]
DMA13_IRQHandler        0x0000198d    0x16  Code  Gb  HW_DMA.o [1]
DMA14_IRQHandler        0x000019a3    0x16  Code  Gb  HW_DMA.o [1]
DMA15_IRQHandler        0x000019b9    0x16  Code  Gb  HW_DMA.o [1]
DMA1_IRQHandler         0x00001885    0x16  Code  Gb  HW_DMA.o [1]
DMA2_IRQHandler         0x0000189b    0x16  Code  Gb  HW_DMA.o [1]
DMA3_IRQHandler         0x000018b1    0x16  Code  Gb  HW_DMA.o [1]
DMA4_IRQHandler         0x000018c7    0x16  Code  Gb  HW_DMA.o [1]
DMA5_IRQHandler         0x000018dd    0x16  Code  Gb  HW_DMA.o [1]
DMA6_IRQHandler         0x000018f3    0x16  Code  Gb  HW_DMA.o [1]
DMA7_IRQHandler         0x00001909    0x16  Code  Gb  HW_DMA.o [1]
DMA8_IRQHandler         0x0000191f    0x16  Code  Gb  HW_DMA.o [1]
DMA9_IRQHandler         0x00001935    0x16  Code  Gb  HW_DMA.o [1]
DMA_ISR                 0x200056f4    0x40  Data  Gb  HW_DMA.o [1]
DefaultISR              0x00002327    0x18  Code  Gb  system_MK60.o [1]
Diagnostic_Reset_Source
                        0x000025dd    0x82  Code  Lc  system_MK60.o [1]
F6x8                    0x000033f4   0x228  Data  Gb  oled.o [1]
FTM0_IRQHandler         0x00003ca1     0xa  Code  Gb  HW_FTM.o [1]
FTM1_IRQHandler         0x00003cab     0xa  Code  Gb  HW_FTM.o [1]
FTM2_IRQHandler         0x00003cb5     0xa  Code  Gb  HW_FTM.o [1]
FTM_ISR                 0x20005734     0xc  Data  Gb  HW_FTM.o [1]
GPIO_ISR                0x20005740    0x14  Data  Gb  HW_GPIO.o [1]
HardFault_Handler       0x0000231b     0xc  Code  Gb  system_MK60.o [1]
Image1                  0x1fff049c  0xa8c0  Data  Gb  camera.o [1]
Image2                  0x1fffad5c  0xa8c0  Data  Gb  camera.o [1]
LED_DLY_ms              0x00002b73    0x18  Code  Gb  oled.o [1]
LED_Fill                0x00002b37    0x3c  Code  Gb  oled.o [1]
LED_Init                0x00002c97    0xd8  Code  Gb  oled.o [1]
LED_P6x8Char            0x00002d6f    0x3e  Code  Gb  oled.o [1]
LED_P6x8Str             0x00002dad    0x72  Code  Gb  oled.o [1]
LED_PrintValueFP        0x00002e1f   0x11a  Code  Gb  oled.o [1]
LED_Set_Pos             0x00002b0f    0x28  Code  Gb  oled.o [1]
LED_WrCmd               0x00002aa9    0x66  Code  Gb  oled.o [1]
LED_WrDat               0x00002a41    0x66  Code  Gb  oled.o [1]
LPLD_DMA_Init           0x0000156d   0x302  Code  Gb  HW_DMA.o [1]
LPLD_GPIO_EnableIrq     0x00001461    0x4e  Code  Gb  HW_GPIO.o [1]
LPLD_GPIO_Init          0x0000137d    0xe4  Code  Gb  HW_GPIO.o [1]
LPLD_GPIO_Output_b      0x000014af    0x18  Code  Gb  HW_GPIO.o [1]
LPLD_NVIC_Init          0x000036c1   0x104  Code  Gb  HW_NVIC.o [1]
LPLD_PIT_EnableIrq      0x00003267    0x26  Code  Gb  HW_PIT.o [1]
LPLD_PIT_Init           0x000031b5    0xb2  Code  Gb  HW_PIT.o [1]
LPLD_PLL_Setup          0x0000286d   0x198  Code  Gb  HW_MCG.o [1]
LPLD_Set_SYS_DIV        0x1fff0411    0x4c  Code  Gb  HW_MCG.o [1]
LPLD_UART_EnableIrq     0x0000085d    0x98  Code  Gb  HW_UART.o [1]
LPLD_UART_Init          0x0000043b   0x40a  Code  Gb  HW_UART.o [1]
LPLD_UART_PutChar       0x00000845    0x18  Code  Gb  HW_UART.o [1]
MT9V032_CFG_init        0x00000e0b    0x66  Code  Gb  camera.o [1]
NOpoint                 0x2000581e     0x1  Data  Gb  camera.o [1]
NVIC_DisableIRQ         0x0000364d    0x14  Code  Lc  HW_NVIC.o [1]
NVIC_EnableIRQ          0x000037e1    0x14  Code  Lc  C_cong.o [1]
NVIC_EnableIRQ          0x00001369    0x14  Code  Lc  HW_GPIO.o [1]
NVIC_EnableIRQ          0x00003639    0x14  Code  Lc  HW_NVIC.o [1]
NVIC_EnableIRQ          0x000031a1    0x14  Code  Lc  HW_PIT.o [1]
NVIC_EnableIRQ          0x00000425    0x16  Code  Lc  HW_UART.o [1]
NVIC_EncodePriority     0x00003683    0x3e  Code  Lc  HW_NVIC.o [1]
NVIC_SetPriority        0x00003661    0x22  Code  Lc  HW_NVIC.o [1]
NVIC_SetPriorityGrouping
                        0x0000361d    0x1c  Code  Lc  HW_NVIC.o [1]
PIT0_IRQHandler         0x0000328d    0x16  Code  Gb  HW_PIT.o [1]
PIT1_IRQHandler         0x000032a3    0x16  Code  Gb  HW_PIT.o [1]
PIT2_IRQHandler         0x000032b9    0x16  Code  Gb  HW_PIT.o [1]
PIT3_IRQHandler         0x000032cf    0x16  Code  Gb  HW_PIT.o [1]
PIT_ISR                 0x20005754    0x10  Data  Gb  HW_PIT.o [1]
PORTA_IRQHandler        0x000014c7    0x12  Code  Gb  HW_GPIO.o [1]
PORTB_IRQHandler        0x000014d9    0x12  Code  Gb  HW_GPIO.o [1]
PORTC_IRQHandler        0x000014eb    0x12  Code  Gb  HW_GPIO.o [1]
PORTD_IRQHandler        0x000014fd    0x12  Code  Gb  HW_GPIO.o [1]
PORTE_IRQHandler        0x0000150f    0x12  Code  Gb  HW_GPIO.o [1]
Region$$Table$$Base     0x00003cc4           --   Gb  - Linker created -
Region$$Table$$Limit    0x00003cd4           --   Gb  - Linker created -
SetAddressingMode       0x00002b8b    0x14  Code  Gb  oled.o [1]
SetContrastControl      0x00002bad    0x14  Code  Gb  oled.o [1]
SetStartLine            0x00002b9f     0xe  Code  Gb  oled.o [1]
Set_Charge_Pump         0x00002bc1    0x16  Code  Gb  oled.o [1]
Set_Common_Config       0x00002c6d    0x16  Code  Gb  oled.o [1]
Set_Common_Remap        0x00002c23     0xe  Code  Gb  oled.o [1]
Set_Display_Clock       0x00002c45    0x14  Code  Gb  oled.o [1]
Set_Display_Offset      0x00002c31    0x14  Code  Gb  oled.o [1]
Set_Display_On_Off      0x00002c15     0xe  Code  Gb  oled.o [1]
Set_Entire_Display      0x00002be5     0xe  Code  Gb  oled.o [1]
Set_Inverse_Display     0x00002bf3     0xe  Code  Gb  oled.o [1]
Set_Multiplex_Ratio     0x00002c01    0x14  Code  Gb  oled.o [1]
Set_Precharge_Period    0x00002c59    0x14  Code  Gb  oled.o [1]
Set_Segment_Remap       0x00002bd7     0xe  Code  Gb  oled.o [1]
Set_VCOMH               0x00002c83    0x14  Code  Gb  oled.o [1]
SystemCoreClock         0x1fff046c     0x4  Data  Gb  system_MK60.o [1]
SystemCoreClockUpdate   0x000022ed    0x2e  Code  Gb  system_MK60.o [1]
SystemInit              0x000021b1   0x13c  Code  Gb  system_MK60.o [1]
UART0_ERR_IRQHandler    0x00000bed     0x2  Code  Gb  HW_UART.o [1]
UART0_IRQHandler        0x000008f5    0x58  Code  Gb  HW_UART.o [1]
UART1_ERR_IRQHandler    0x00000bef     0x2  Code  Gb  HW_UART.o [1]
UART1_IRQHandler        0x0000094d    0x58  Code  Gb  HW_UART.o [1]
UART2_ERR_IRQHandler    0x00000bf1     0x2  Code  Gb  HW_UART.o [1]
UART2_IRQHandler        0x000009a5    0x58  Code  Gb  HW_UART.o [1]
UART3_ERR_IRQHandler    0x00000bf3     0x2  Code  Gb  HW_UART.o [1]
UART3_IRQHandler        0x000009fd    0x58  Code  Gb  HW_UART.o [1]
UART4_ERR_IRQHandler    0x00000bf5     0x2  Code  Gb  HW_UART.o [1]
UART4_IRQHandler        0x00000a55    0x58  Code  Gb  HW_UART.o [1]
UART5_ERR_IRQHandler    0x00000bf7     0x2  Code  Gb  HW_UART.o [1]
UART5_IRQHandler        0x00000aad    0x58  Code  Gb  HW_UART.o [1]
UART_R_ISR              0x20005764    0x18  Data  Gb  HW_UART.o [1]
UART_T_ISR              0x2000577c    0x18  Data  Gb  HW_UART.o [1]
WhichBuffer             0x1fff0470     0x1  Data  Gb  camera.o [1]
__BOOT_STACK_ADDRESS {Abs}
                        0x2000fff8           --   Gb  command line/config [2]
__VECTOR_RAM {Abs}      0x1fff0000           --   Gb  command line/config [2]
__VECTOR_TABLE {Abs}    0x00000000           --   Gb  command line/config [2]
__Vectors               0x00000000           --   Gb  startup_K60DZ10.o [1]
__Vectors_End           0x00000400          Data  Gb  startup_K60DZ10.o [1]
__Vectors_Size {Abs}    0x00000400           --   Gb  startup_K60DZ10.o [1]
__aeabi_cfcmple         0x00001ba1          Code  Gb  FltCmpLe.o [4]
__aeabi_fadd            0x000019f1          Code  Gb  FltAdd.o [4]
__aeabi_fdiv            0x00001aa5          Code  Gb  FltDiv.o [4]
__aeabi_i2f             0x00001a75          Code  Gb  I32ToFlt.o [4]
__cmain                 0x00003dc5          Code  Gb  cmain.o [5]
__exit                  0x00003df5    0x14  Code  Gb  exit.o [6]
__iar_data_init3        0x00003c31    0x28  Code  Gb  data_init.o [5]
__iar_fadd              0x00001a01          Code  Gb  FltAdd.o [4]
__iar_fsub              0x00001bd9          Code  Gb  FltSub.o [4]
__iar_fsubStart         0x00001be9          Code  Gb  FltSub.o [4]
__iar_program_start     0x00003ffd          Code  Gb  cstartup_M.o [5]
__iar_ui2f              0x00001a89          Code  Gb  I32ToFlt.o [4]
__iar_unaligned___aeabi_memcpy4
                        0x00001311          Code  Gb  ABImemcpy_unaligned.o [5]
__iar_unaligned___aeabi_memcpy8
                        0x00001311          Code  Gb  ABImemcpy_unaligned.o [5]
__iar_zero_init3        0x00003b39    0x40  Code  Gb  zero_init3.o [5]
__low_level_init        0x00003ddf     0x4  Code  Gb  low_level_init.o [3]
__vector_table          0x00000000          Data  Gb  startup_K60DZ10.o [1]
__vector_table_0x1c     0x0000001c          Data  Gb  startup_K60DZ10.o [1]
_call_main              0x00003dd1          Code  Gb  cmain.o [5]
_exit                   0x00003de9          Code  Gb  cexit.o [5]
_main                   0x00003ddb          Code  Gb  cmain.o [5]
assert_failed           0x00001bc5    0x14  Code  Gb  assert.o [1]
camera_init             0x00000bf9   0x212  Code  Gb  camera.o [1]
common_relocate         0x000027c5    0xa0  Code  Gb  relocate.o [1]
cpu_identify            0x00002345   0x1f2  Code  Lc  system_MK60.o [1]
end_flag                0x20005818     0x1  Data  Gb  camera.o [1]
errleft                 0x20005814     0x2  Data  Gb  timer.o [1]
errright                0x20005816     0x2  Data  Gb  timer.o [1]
exit                    0x00003de3     0x4  Code  Gb  exit.o [3]
flash_identify          0x00002537    0xa6  Code  Lc  system_MK60.o [1]
g_bus_clock             0x1fff0460     0x4  Data  Gb  HW_MCG.o [1]
g_core_clock            0x1fff045c     0x4  Data  Gb  HW_MCG.o [1]
g_flash_clock           0x1fff0464     0x4  Data  Gb  HW_MCG.o [1]
g_flexbus_clock         0x1fff0468     0x4  Data  Gb  HW_MCG.o [1]
joke                    0x20005794     0x4  Data  Lc  HW_UART.o [1]
led_gpio_int            0x00002a05    0x3c  Code  Gb  oled.o [1]
lock                    0x2000581b     0x1  Data  Gb  camera.o [1]
main                    0x0000384d    0x70  Code  Gb  C_cong.o [1]
my_delay                0x00000e71     0xa  Code  Gb  camera.o [1]
nvic_init               0x000037f5    0x58  Code  Gb  C_cong.o [1]
ob_gpio_init            0x00003315    0xcc  Code  Gb  obstacle.o [1]
obinterrupt0_struct     0x20005798    0x14  Data  Gb  obstacle.o [1]
obinterrupt1_struct     0x200057ac    0x14  Data  Gb  obstacle.o [1]
obinterrupt2_struct     0x200057c0    0x14  Data  Gb  obstacle.o [1]
obinterrupt3_struct     0x200057d4    0x14  Data  Gb  obstacle.o [1]
out_char                0x00003f89     0xe  Code  Gb  io.o [1]
pit0_isr                0x00002f81   0x1f0  Code  Gb  timer.o [1]
pit_init                0x00002f45    0x3c  Code  Gb  timer.o [1]
porte_isr               0x00000e7d   0x136  Code  Gb  camera.o [1]
printf                  0x00002171    0x1e  Code  Gb  printf.o [1]
printk                  0x00001d89   0x3e8  Code  Gb  printf.o [1]
printk_mknumstr         0x00001cdd    0x70  Code  Lc  printf.o [1]
printk_pad_space        0x00001d6b    0x1e  Code  Lc  printf.o [1]
printk_pad_zero         0x00001d4d    0x1e  Code  Lc  printf.o [1]
printk_putc             0x00001cb1    0x2c  Code  Lc  printf.o [1]
real_pointx             0x2000581c     0x1  Data  Gb  camera.o [1]
real_pointy             0x2000581d     0x1  Data  Gb  camera.o [1]
row                     0x2000581a     0x1  Data  Gb  camera.o [1]
rowAdr                  0x2000581f     0x1  Data  Gb  camera.o [1]
setvalue                0x1fff0471     0x1  Data  Gb  camera.o [1]
start_flag              0x20005819     0x1  Data  Gb  camera.o [1]
strlen                  0x00002195    0x1c  Code  Gb  stdlib.o [1]
sumtuan                 0x2000561c     0x4  Data  Gb  camera.o [1]
testsum                 0x20005620    0x14  Data  Gb  camera.o [1]
testsum_average         0x20005634     0x4  Data  Gb  camera.o [1]


[1] = G:\study\car\program\lib_and_example\LPLD_OSKinetis_V3\project\Car_C_sub_2017_7_15\iar\FLASH\Obj
[2] = command line
[3] = dl7M_tln.a
[4] = m7M_tl.a
[5] = rt7M_tl.a
[6] = shb_l.a

  14 264 bytes of readonly  code memory
      76 bytes of readwrite code memory
   2 272 bytes of readonly  data memory
  91 075 bytes of readwrite data memory

Errors: none
Warnings: none
